ARM Linker, 4.1 [Build 481] [Standard]

==============================================================================

Section Cross References

    main.o(.text) refers to control.o(.text) for Go_straight
    main.o(.text) refers to delay.o(.text) for SysTick_Init
    main.o(.text) refers to stm32f10x_rcc.o(.text) for RCC_APB2PeriphClockCmd
    main.o(.text) refers to bsp_i2c.o(.text) for I2C_EE_Init
    main.o(.text) refers to mpu6050.o(.text) for MPU6050_Init
    main.o(.text) refers to pwm.o(.text) for TIM_Init
    main.o(.text) refers to tim6.o(.text) for TIM6_Configuration
    main.o(.text) refers to ultrasonicwave.o(.text) for UltrasonicWave_Configuration
    main.o(.text) refers to usart.o(.text) for USART1_Config
    main.o(.text) refers to bsp.o(.text) for NVIC_Configuration
    main.o(.text) refers to main.o(.data) for buffercontorl
    stm32f10x_it.o(.text) refers to delay.o(.text) for TimingDelay_Decrement
    stm32f10x_it.o(.text) refers to stm32f10x_usart.o(.text) for USART_GetFlagStatus
    stm32f10x_it.o(.text) refers to main.o(.text) for Communication_Decode
    stm32f10x_it.o(.text) refers to stm32f10x_tim.o(.text) for TIM_GetITStatus
    stm32f10x_it.o(.text) refers to kalman.o(.text) for Angle_Calculate
    stm32f10x_it.o(.text) refers to stm32f10x_it.o(.data) for rec_flag
    24l01.o(.text) refers to stm32f10x_rcc.o(.text) for RCC_APB2PeriphClockCmd
    24l01.o(.text) refers to stm32f10x_gpio.o(.text) for GPIO_Init
    24l01.o(.text) refers to spi.o(.text) for SPI1_Init
    24l01.o(.text) refers to 24l01.o(.constdata) for RX_ADDRESS
    control.o(.text) refers to stm32f10x_tim.o(.text) for TIM_SetCompare1
    control.o(.text) refers to delay.o(.text) for Delay_us
    control.o(.text) refers to pwm.o(.text) for Open_All_TIM
    control.o(.text) refers to dflti.o(.text) for __aeabi_i2d
    control.o(.text) refers to cdcmple.o(.text) for __aeabi_cdcmple
    control.o(.text) refers to control.o(.data) for pwm_init
    control.o(.text) refers to ultrasonicwave.o(.text) for UltrasonicWave_StartMeasure
    control.o(.text) refers to mpu6050.o(.text) for MPU6050_ReturnTemp
    control.o(.text) refers to main.o(.data) for Temp
    delay.o(.text) refers to system_stm32f10x.o(.data) for SystemCoreClock
    delay.o(.text) refers to delay.o(.data) for TimingDelay
    key.o(.text) refers to stm32f10x_rcc.o(.text) for RCC_APB2PeriphClockCmd
    key.o(.text) refers to stm32f10x_gpio.o(.text) for GPIO_Init
    key.o(.text) refers to delay.o(.text) for Delay_us
    key.o(.text) refers to key.o(.data) for key_up
    glcd.o(.text) refers to stm32f10x_rcc.o(.text) for RCC_AHBPeriphClockCmd
    glcd.o(.text) refers to stm32f10x_gpio.o(.text) for GPIO_Init
    glcd.o(.text) refers to stm32f10x_fsmc.o(.text) for FSMC_NORSRAMInit
    glcd.o(.text) refers to delay.o(.text) for Delay_us
    glcd.o(.text) refers to glcd.o(.data) for TextColor
    pwm.o(.text) refers to stm32f10x_rcc.o(.text) for RCC_APB1PeriphClockCmd
    pwm.o(.text) refers to stm32f10x_gpio.o(.text) for GPIO_Init
    pwm.o(.text) refers to stm32f10x_tim.o(.text) for TIM_TimeBaseInit
    pwm.o(.text) refers to pwm.o(.bss) for TIM_TimeBaseStructure
    pwm.o(.text) refers to pwm.o(.data) for PrescalerValue
    spi.o(.text) refers to stm32f10x_spi.o(.text) for SPI_I2S_GetFlagStatus
    spi.o(.text) refers to stm32f10x_rcc.o(.text) for RCC_APB2PeriphClockCmd
    spi.o(.text) refers to stm32f10x_gpio.o(.text) for GPIO_Init
    spi.o(.text) refers to spi.o(.bss) for SPI_InitStructure
    usart.o(.text) refers to misc.o(.text) for NVIC_PriorityGroupConfig
    usart.o(.text) refers to stm32f10x_rcc.o(.text) for RCC_APB2PeriphClockCmd
    usart.o(.text) refers to stm32f10x_gpio.o(.text) for GPIO_Init
    usart.o(.text) refers to stm32f10x_usart.o(.text) for USART_Init
    led.o(.text) refers to stm32f10x_rcc.o(.text) for RCC_APB2PeriphClockCmd
    led.o(.text) refers to stm32f10x_gpio.o(.text) for GPIO_Init
    ultrasonicwave.o(.text) refers to stm32f10x_rcc.o(.text) for RCC_APB2PeriphClockCmd
    ultrasonicwave.o(.text) refers to stm32f10x_gpio.o(.text) for GPIO_Init
    ultrasonicwave.o(.text) refers to stm32f10x_tim.o(.text) for TIM_GetCounter
    ultrasonicwave.o(.text) refers to delay.o(.text) for Delay_us
    ultrasonicwave.o(.text) refers to printf8.o(i.__0printf$8) for __2printf
    ultrasonicwave.o(.text) refers to ultrasonicwave.o(.data) for UltrasonicWave_Distance
    tim6.o(.text) refers to misc.o(.text) for NVIC_PriorityGroupConfig
    tim6.o(.text) refers to stm32f10x_rcc.o(.text) for RCC_APB1PeriphClockCmd
    tim6.o(.text) refers to stm32f10x_tim.o(.text) for TIM_DeInit
    bsp_i2c.o(.text) refers to stm32f10x_rcc.o(.text) for RCC_APB2PeriphClockCmd
    bsp_i2c.o(.text) refers to stm32f10x_gpio.o(.text) for GPIO_Init
    bsp_i2c.o(.text) refers to stm32f10x_i2c.o(.text) for I2C_Init
    bsp_i2c.o(.text) refers to printf8.o(i.__0printf$8) for __2printf
    bsp_i2c.o(.text) refers to bsp_i2c.o(.bss) for I2c_Buf_Write
[...]
    printf7.o(i.__0fprintf$7) refers to printf7.o(i._printf_core) for _printf_core
    printf7.o(i.__0fprintf$7) refers to usart.o(.text) for fputc
    printf7.o(i.__0printf$7) refers to printf7.o(i._printf_core) for _printf_core
    printf7.o(i.__0printf$7) refers to usart.o(.text) for fputc
    printf7.o(i.__0printf$7) refers to stdout.o(.data) for __stdout
    printf7.o(i.__0snprintf$7) refers to printf7.o(i._printf_core) for _printf_core
    printf7.o(i.__0snprintf$7) refers to printf7.o(i._snputc) for _snputc
    printf7.o(i.__0sprintf$7) refers to printf7.o(i._printf_core) for _printf_core
    printf7.o(i.__0sprintf$7) refers to printf7.o(i._sputc) for _sputc
    printf7.o(i.__0vfprintf$7) refers to printf7.o(i._printf_core) for _printf_core
    printf7.o(i.__0vfprintf$7) refers to usart.o(.text) for fputc
    printf7.o(i.__0vprintf$7) refers to printf7.o(i._printf_core) for _printf_core
    printf7.o(i.__0vprintf$7) refers to usart.o(.text) for fputc
    printf7.o(i.__0vprintf$7) refers to stdout.o(.data) for __stdout
    printf7.o(i.__0vsnprintf$7) refers to printf7.o(i._printf_core) for _printf_core
    printf7.o(i.__0vsnprintf$7) refers to printf7.o(i._snputc) for _snputc
    printf7.o(i.__0vsprintf$7) refers to printf7.o(i._printf_core) for _printf_core
    printf7.o(i.__0vsprintf$7) refers to printf7.o(i._sputc) for _sputc
    printf7.o(i._printf_core) refers to printf7.o(i._printf_pre_padding) for _printf_pre_padding
    printf7.o(i._printf_core) refers to uldiv.o(.text) for __aeabi_uldivmod
    printf7.o(i._printf_core) refers to printf7.o(i._printf_post_padding) for _printf_post_padding
    printf8.o(i.__0fprintf$8) refers to printf8.o(i._printf_core) for _printf_core
    printf8.o(i.__0fprintf$8) refers to usart.o(.text) for fputc
    printf8.o(i.__0printf$8) refers to printf8.o(i._printf_core) for _printf_core
    printf8.o(i.__0printf$8) refers to usart.o(.text) for fputc
    printf8.o(i.__0printf$8) refers to stdout.o(.data) for __stdout
    printf8.o(i.__0snprintf$8) refers to printf8.o(i._printf_core) for _printf_core
    printf8.o(i.__0snprintf$8) refers to printf8.o(i._snputc) for _snputc
    printf8.o(i.__0sprintf$8) refers to printf8.o(i._printf_core) for _printf_core
    printf8.o(i.__0sprintf$8) refers to printf8.o(i._sputc) for _sputc
    printf8.o(i.__0vfprintf$8) refers to printf8.o(i._printf_core) for _printf_core
    printf8.o(i.__0vfprintf$8) refers to usart.o(.text) for fputc
    printf8.o(i.__0vprintf$8) refers to printf8.o(i._printf_core) for _printf_core
    printf8.o(i.__0vprintf$8) refers to usart.o(.text) for fputc
    printf8.o(i.__0vprintf$8) refers to stdout.o(.data) for __stdout
    printf8.o(i.__0vsnprintf$8) refers to printf8.o(i._printf_core) for _printf_core
    printf8.o(i.__0vsnprintf$8) refers to printf8.o(i._snputc) for _snputc
    printf8.o(i.__0vsprintf$8) refers to printf8.o(i._printf_core) for _printf_core
    printf8.o(i.__0vsprintf$8) refers to printf8.o(i._sputc) for _sputc
    printf8.o(i._printf_core) refers to printf8.o(i._printf_pre_padding) for _printf_pre_padding
    printf8.o(i._printf_core) refers to uldiv.o(.text) for __aeabi_uldivmod
    printf8.o(i._printf_core) refers to printf8.o(i._printf_post_padding) for _printf_post_padding
    printfa.o(i.__0fprintf) refers (Special) to iusefp.o(.text) for __I$use$fp
    printfa.o(i.__0fprintf) refers to printfa.o(i._printf_core) for _printf_core
    printfa.o(i.__0fprintf) refers to usart.o(.text) for fputc
    printfa.o(i.__0printf) refers (Special) to iusefp.o(.text) for __I$use$fp
    printfa.o(i.__0printf) refers to printfa.o(i._printf_core) for _printf_core
    printfa.o(i.__0printf) refers to usart.o(.text) for fputc
    printfa.o(i.__0printf) refers to stdout.o(.data) for __stdout
    printfa.o(i.__0snprintf) refers (Special) to iusefp.o(.text) for __I$use$fp
    printfa.o(i.__0snprintf) refers to printfa.o(i._printf_core) for _printf_core
    printfa.o(i.__0snprintf) refers to printfa.o(i._snputc) for _snputc
    printfa.o(i.__0sprintf) refers (Special) to iusefp.o(.text) for __I$use$fp
    printfa.o(i.__0sprintf) refers to printfa.o(i._printf_core) for _printf_core
    printfa.o(i.__0sprintf) refers to printfa.o(i._sputc) for _sputc
    printfa.o(i.__0vfprintf) refers (Special) to iusefp.o(.text) for __I$use$fp
    printfa.o(i.__0vfprintf) refers to printfa.o(i._printf_core) for _printf_core
    printfa.o(i.__0vfprintf) refers to usart.o(.text) for fputc
    printfa.o(i.__0vprintf) refers (Special) to iusefp.o(.text) for __I$use$fp
    printfa.o(i.__0vprintf) refers to printfa.o(i._printf_core) for _printf_core
    printfa.o(i.__0vprintf) refers to usart.o(.text) for fputc
    printfa.o(i.__0vprintf) refers to stdout.o(.data) for __stdout
    printfa.o(i.__0vsnprintf) refers (Special) to iusefp.o(.text) for __I$use$fp
    printfa.o(i.__0vsnprintf) refers to printfa.o(i._printf_core) for _printf_core
    printfa.o(i.__0vsnprintf) refers to printfa.o(i._snputc) for _snputc
    printfa.o(i.__0vsprintf) refers (Special) to iusefp.o(.text) for __I$use$fp
    printfa.o(i.__0vsprintf) refers to printfa.o(i._printf_core) for _printf_core
    printfa.o(i.__0vsprintf) refers to printfa.o(i._sputc) for _sputc
    printfa.o(i._fp_digits) refers (Special) to iusefp.o(.text) for __I$use$fp
    printfa.o(i._fp_digits) refers to dmul.o(.text) for __aeabi_dmul
    printfa.o(i._fp_digits) refers to ddiv.o(.text) for __aeabi_ddiv
    printfa.o(i._fp_digits) refers to cdrcmple.o(.text) for __aeabi_cdrcmple
    printfa.o(i._fp_digits) refers to dadd.o(.text) for __aeabi_dadd
    printfa.o(i._fp_digits) refers to dfixul.o(.text) for __aeabi_d2ulz
    printfa.o(i._fp_digits) refers to uldiv.o(.text) for __aeabi_uldivmod
    printfa.o(i._printf_core) refers (Special) to iusefp.o(.text) for __I$use$fp
    printfa.o(i._printf_core) refers to printfa.o(i._printf_pre_padding) for _printf_pre_padding
    printfa.o(i._printf_core) refers to uldiv.o(.text) for __aeabi_uldivmod
    printfa.o(i._printf_core) refers to printfa.o(i._printf_post_padding) for _printf_post_padding
    printfa.o(i._printf_core) refers to printfa.o(i._fp_digits) for _fp_digits
    printfa.o(i._printf_core) refers to uidiv.o(.text) for __aeabi_uidivmod
    printfa.o(i._printf_post_padding) refers (Special) to iusefp.o(.text) for __I$use$fp
    printfa.o(i._printf_pre_padding) refers (Special) to iusefp.o(.text) for __I$use$fp
    printfa.o(i._snputc) refers (Special) to iusefp.o(.text) for __I$use$fp
    printfa.o(i._sputc) refers (Special) to iusefp.o(.text) for __I$use$fp
    fadd.o(.text) refers (Special) to iusefp.o(.text) for __I$use$fp
    fadd.o(.text) refers to fepilogue.o(.text) for _float_epilogue
    fmul.o(.text) refers (Special) to iusefp.o(.text) for __I$use$fp
    fdiv.o(.text) refers (Special) to iusefp.o(.text) for __I$use$fp
    fdiv.o(.text) refers to fepilogue.o(.text) for _float_round
    fscalb.o(.text) refers (Special) to iusefp.o(.text) for __I$use$fp
    dadd.o(.text) refers (Special) to iusefp.o(.text) for __I$use$fp
    dadd.o(.text) refers to llshl.o(.text) for __aeabi_llsl
    dadd.o(.text) refers to llsshr.o(.text) for __aeabi_lasr
    dadd.o(.text) refers to depilogue.o(.text) for _double_epilogue
    dmul.o(.text) refers (Special) to iusefp.o(.text) for __I$use$fp
    dmul.o(.text) refers to depilogue.o(.text) for _double_epilogue
    ddiv.o(.text) refers (Special) to iusefp.o(.text) for __I$use$fp
    ddiv.o(.text) refers to depilogue.o(.text) for _double_round
    fflti.o(.text) refers (Special) to iusefp.o(.text) for __I$use$fp
    fflti.o(.text) refers to fepilogue.o(.text) for _float_epilogue
    ffltui.o(.text) refers (Special) to iusefp.o(.text) for __I$use$fp
    ffltui.o(.text) refers to fepilogue.o(.text) for _float_epilogue
    dflti.o(.text) refers (Special) to iusefp.o(.text) for __I$use$fp
    dflti.o(.text) refers to depilogue.o(.text) for _double_epilogue
    ffixi.o(.text) refers (Special) to iusefp.o(.text) for __I$use$fp
    ffixui.o(.text) refers (Special) to iusefp.o(.text) for __I$use$fp
    dfixi.o(.text) refers (Special) to iusefp.o(.text) for __I$use$fp
    dfixi.o(.text) refers to llushr.o(.text) for __aeabi_llsr
    f2d.o(.text) refers (Special) to iusefp.o(.text) for __I$use$fp
    cdcmple.o(.text) refers (Special) to iusefp.o(.text) for __I$use$fp
    d2f.o(.text) refers (Special) to iusefp.o(.text) for __I$use$fp
    d2f.o(.text) refers to fepilogue.o(.text) for _float_round
    cfcmple.o(.text) refers (Special) to iusefp.o(.text) for __I$use$fp
    cfrcmple.o(.text) refers (Special) to iusefp.o(.text) for __I$use$fp
    entry2.o(.ARM.Collect$$$$00000001) refers to entry2.o(.ARM.Collect$$$$00002712) for __lit__00000000
    entry2.o(.ARM.Collect$$$$00002712) refers to startup_stm32f10x_hd.o(STACK) for __initial_sp
    entry2.o(__vectab_stack_and_reset_area) refers to startup_stm32f10x_hd.o(STACK) for __initial_sp
    entry2.o(__vectab_stack_and_reset_area) refers to entry.o(.ARM.Collect$$$$00000000) for __main
    entry5.o(.ARM.Collect$$$$00000004) refers to init.o(.text) for __scatterload
    entry7.o(.ARM.Collect$$$$00000007) refers to main.o(.text) for main
    uldiv.o(.text) refers to llushr.o(.text) for __aeabi_llsr
    uldiv.o(.text) refers to llshl.o(.text) for __aeabi_llsl
    errno.o(i.__aeabi_errno_addr) refers to errno.o(.data) for .data
    errno.o(i.__read_errno) refers to errno.o(.data) for .data
    errno.o(i.__set_errno) refers to errno.o(.data) for .data
    depilogue.o(.text) refers to llshl.o(.text) for __aeabi_llsl
    depilogue.o(.text) refers to llushr.o(.text) for __aeabi_llsr
    dsqrt.o(.text) refers to llushr.o(.text) for __aeabi_llsr
    dsqrt.o(.text) refers to depilogue.o(.text) for _double_round
    dfixul.o(.text) refers to llushr.o(.text) for __aeabi_llsr
    dfixul.o(.text) refers to llshl.o(.text) for __aeabi_llsl
    init.o(.text) refers to entry5.o(.ARM.Collect$$$$00000004) for __main_after_scatterload


==============================================================================

Removing Unused input sections from the image.

    Removing 24l01.o(.text), (740 bytes).
    Removing 24l01.o(.constdata), (10 bytes).
    Removing key.o(.text), (180 bytes).
    Removing key.o(.data), (1 bytes).
    Removing glcd.o(.text), (3762 bytes).
    Removing glcd.o(.data), (4 bytes).
    Removing spi.o(.text), (228 bytes).
    Removing spi.o(.bss), (18 bytes).
    Removing led.o(.text), (76 bytes).
    Removing stm32f10x_exti.o(.text), (316 bytes).
    Removing stm32f10x_spi.o(.text), (784 bytes).
    Removing stm32f10x_fsmc.o(.text), (1560 bytes).
    Removing core_cm3.o(.emb_text), (32 bytes).
    Removing startup_stm32f10x_hd.o(HEAP), (512 bytes).
    Removing lcd_x_8080_16.o(.text), (328 bytes).
    Removing guidemo_start.o(.text), (18 bytes).
    Removing guidemo_transparentdialog.o(.text), (1276 bytes).
    Removing guidemo_transparentdialog.o(.constdata), (23364 bytes).
    Removing guidemo_transparentdialog.o(.conststring), (38 bytes).
    Removing guidemo_transparentdialog.o(.data), (28 bytes).
    Removing guidemo_treeview.o(.text), (1496 bytes).
    Removing guidemo_treeview.o(.constdata), (67349 bytes).
    Removing guidemo_treeview.o(.conststring), (112 bytes).
    Removing guidemo_treeview.o(.data), (104 bytes).
    Removing guidemo_vscreen.o(.text), (548 bytes).
    Removing guidemo_vscreen.o(.constdata), (8 bytes).
    Removing guidemo_washingmachine.o(.text), (5292 bytes).
    Removing guidemo_washingmachine.o(.constdata), (91832 bytes).
    Removing guidemo_washingmachine.o(.conststring), (70 bytes).
    Removing guidemo_washingmachine.o(.data), (212 bytes).
    Removing guidemo_zoomandrotate.o(.text), (2 bytes).
    Removing guidemo.o(.text), (2332 bytes).
    Removing guidemo.o(.bss), (12 bytes).
    Removing guidemo.o(.constdata), (196 bytes).
    Removing guidemo.o(.conststring), (30 bytes).
    Removing guidemo.o(.data), (44 bytes).
    Removing guidemo_automotive.o(.text), (2508 bytes).
    Removing guidemo_automotive.o(.constdata), (14748 bytes).
    Removing guidemo_automotive.o(.data), (84 bytes).
    Removing guidemo_bargraph.o(.text), (904 bytes).
    Removing guidemo_bargraph.o(.constdata), (1624 bytes).
    Removing guidemo_bargraph.o(.data), (12 bytes).
    Removing guidemo_bitmap.o(.text), (436 bytes).
    Removing guidemo_bitmap.o(.constdata), (4924 bytes).
    Removing guidemo_colorbar.o(.text), (716 bytes).
    Removing guidemo_colorbar.o(.constdata), (119 bytes).
    Removing guidemo_conf.o(.text), (20 bytes).
    Removing guidemo_conf.o(.data), (60 bytes).
    Removing guidemo_cursor.o(.text), (2 bytes).
    Removing guidemo_fading.o(.text), (1280 bytes).
    Removing guidemo_fading.o(.constdata), (51228 bytes).
    Removing guidemo_graph.o(.text), (1104 bytes).
    Removing guidemo_graph.o(.bss), (20 bytes).
    Removing guidemo_graph.o(.conststring), (21 bytes).
    Removing guidemo_graph.o(.data), (388 bytes).
    Removing guidemo_iconview.o(.text), (872 bytes).
    Removing guidemo_iconview.o(.constdata), (313868 bytes).
    Removing guidemo_iconview.o(.conststring), (251 bytes).
    Removing guidemo_iconview.o(.data), (8 bytes).
    Removing guidemo_imageflow.o(.text), (1756 bytes).
    Removing guidemo_imageflow.o(.constdata), (58276 bytes).
    Removing guidemo_imageflow.o(.data), (760 bytes).
    Removing guidemo_intro.o(.text), (416 bytes).
    Removing guidemo_intro.o(.constdata), (30 bytes).
    Removing guidemo_listview.o(.text), (788 bytes).
    Removing guidemo_listview.o(.constdata), (540 bytes).
    Removing guidemo_listview.o(.conststring), (1756 bytes).
    Removing guidemo_listview.o(.data), (980 bytes).
    Removing guidemo_resource.o(.constdata), (31520 bytes).
    Removing guidemo_skinning.o(.text), (2 bytes).
    Removing guidemo_speed.o(.text), (672 bytes).
    Removing guidemo_speed.o(.constdata), (32 bytes).
    Removing guidemo_speedometer.o(.text), (2 bytes).
    Removing guiconf.o(.text), (20 bytes).
    Removing guiconf.o(GUI_RAM), (20480 bytes).
    Removing lcdconf.o(.text), (268 bytes).
    Removing os_dbg.o(.constdata), (2 bytes).
    Removing gui_x_touch.o(.text), (296 bytes).
    Removing gui_x_touch.o(.constdata), (40 bytes).
    Removing gui_x_ucos.o(.text), (276 bytes).
    Removing gui_x_ucos.o(.data), (17 bytes).
    Removing os_mbox.o(.text), (1068 bytes).
    Removing os_mutex.o(.text), (1672 bytes).
    Removing BUTTON.o(.text), (1224 bytes).
    Removing BUTTON.o(.data), (60 bytes).
    Removing BUTTON_CreateIndirect.o(.text), (68 bytes).
    Removing BUTTON_IsPressed.o(.text), (42 bytes).
    Removing BUTTON_Skin.o(.text), (264 bytes).
    Removing BUTTON_Skin.o(.data), (12 bytes).
    Removing BUTTON_SkinFlex.o(.text), (644 bytes).
    Removing BUTTON_SkinFlex.o(.constdata), (16 bytes).
    Removing BUTTON_SkinFlex.o(.data), (32 bytes).
    Removing BUTTON_SkinFlex.o(.data), (32 bytes).
    Removing BUTTON_SkinFlex.o(.data), (32 bytes).
    Removing BUTTON_SkinFlex.o(.data), (32 bytes).
    Removing DIALOG.o(.text), (500 bytes).
    Removing DIALOG.o(.data), (4 bytes).
    Removing F08_1.o(.constdata), (8 bytes).
    Removing F08_1.o(.constdata), (8 bytes).
    Removing F08_1.o(.constdata), (8 bytes).
    Removing F08_1.o(.constdata), (8 bytes).
    Removing F08_1.o(.constdata), (8 bytes).
    Removing F08_1.o(.constdata), (8 bytes).
    Removing F08_1.o(.constdata), (8 bytes).
    Removing F08_1.o(.constdata), (8 bytes).
    Removing F08_1.o(.constdata), (8 bytes).
    Removing F08_1.o(.constdata), (8 bytes).
    Removing F08_1.o(.constdata), (8 bytes).
    Removing F08_1.o(.constdata), (8 bytes).
    Removing F08_1.o(.constdata), (8 bytes).
    Removing F08_1.o(.constdata), (8 bytes).
    Removing F08_1.o(.constdata), (8 bytes).
    Removing F08_1.o(.constdata), (8 bytes).
    Removing F08_1.o(.constdata), (8 bytes).
    Removing F08_1.o(.constdata), (8 bytes).
    Removing F08_1.o(.constdata), (8 bytes).
    Removing F08_1.o(.constdata), (8 bytes).
    Removing F08_1.o(.constdata), (8 bytes).
    Removing F08_1.o(.constdata), (8 bytes).
    Removing F08_1.o(.constdata), (8 bytes).
    Removing F08_1.o(.constdata), (8 bytes).
    Removing F08_1.o(.constdata), (8 bytes).
    Removing F08_1.o(.constdata), (8 bytes).
    Removing F08_1.o(.constdata), (8 bytes).
    Removing F08_1.o(.constdata), (8 bytes).
    Removing F08_1.o(.constdata), (8 bytes).
    Removing F08_1.o(.constdata), (8 bytes).
    Removing F08_1.o(.constdata), (8 bytes).
    Removing F08_1.o(.constdata), (8 bytes).
    Removing F08_1.o(.constdata), (8 bytes).
    Removing F08_1.o(.constdata), (8 bytes).
    Removing F08_1.o(.constdata), (8 bytes).
    Removing F08_1.o(.constdata), (8 bytes).
    Removing F08_1.o(.constdata), (8 bytes).
    Removing F08_1.o(.constdata), (8 bytes).
    Removing F08_1.o(.constdata), (8 bytes).
    Removing F08_1.o(.constdata), (8 bytes).
    Removing F08_1.o(.constdata), (8 bytes).
    Removing F08_1.o(.constdata), (8 bytes).
    Removing F08_1.o(.constdata), (8 bytes).
    Removing F08_1.o(.constdata), (8 bytes).
    Removing F08_1.o(.constdata), (8 bytes).
    Removing F08_1.o(.constdata), (8 bytes).
    Removing F08_1.o(.constdata), (8 bytes).
    Removing F08_1.o(.constdata), (8 bytes).
    Removing F08_1.o(.constdata), (8 bytes).
    Removing F08_1.o(.constdata), (8 bytes).
    Removing F08_1.o(.constdata), (8 bytes).
    Removing F08_1.o(.constdata), (8 bytes).
    Removing F08_1.o(.constdata), (8 bytes).
    Removing F08_1.o(.constdata), (8 bytes).
    Removing F08_1.o(.constdata), (8 bytes).
    Removing F08_1.o(.constdata), (8 bytes).
    Removing F08_1.o(.constdata), (8 bytes).
    Removing F08_1.o(.constdata), (8 bytes).
    Removing F08_1.o(.constdata), (8 bytes).
    Removing F08_1.o(.constdata), (8 bytes).
    Removing F08_1.o(.constdata), (8 bytes).
    Removing F08_1.o(.constdata), (8 bytes).
    Removing F08_1.o(.constdata), (8 bytes).
    Removing F08_1.o(.constdata), (8 bytes).
    Removing F08_1.o(.constdata), (8 bytes).
    Removing F08_1.o(.constdata), (8 bytes).
    Removing F08_1.o(.constdata), (8 bytes).
    Removing F08_1.o(.constdata), (8 bytes).
    Removing F08_1.o(.constdata), (8 bytes).
    Removing F08_1.o(.constdata), (8 bytes).
    Removing F08_1.o(.constdata), (16 bytes).
    Removing F08_1.o(.constdata), (8 bytes).
    Removing F08_1.o(.constdata), (8 bytes).
    Removing F08_1.o(.constdata), (8 bytes).
    Removing F08_1.o(.constdata), (8 bytes).
    Removing F08_1.o(.constdata), (8 bytes).
    Removing F08_1.o(.constdata), (8 bytes).
    Removing F08_1.o(.constdata), (8 bytes).
    Removing F08_1.o(.constdata), (8 bytes).
    Removing F08_1.o(.constdata), (8 bytes).
    Removing F08_1.o(.constdata), (8 bytes).
    Removing F08_1.o(.constdata), (8 bytes).
    Removing F08_1.o(.constdata), (8 bytes).
    Removing F08_1.o(.constdata), (8 bytes).
    Removing F08_1.o(.constdata), (8 bytes).
    Removing F08_1.o(.constdata), (8 bytes).
    Removing F08_1.o(.constdata), (8 bytes).
    Removing F08_1.o(.constdata), (8 bytes).
    Removing F08_1.o(.constdata), (8 bytes).
    Removing F08_1.o(.constdata), (8 bytes).
    Removing F08_1.o(.constdata), (8 bytes).
    Removing F08_1.o(.constdata), (8 bytes).
    Removing F08_1.o(.constdata), (8 bytes).
    Removing F08_1.o(.constdata), (8 bytes).
    Removing F08_1.o(.constdata), (8 bytes).
    Removing F08_1.o(.constdata), (8 bytes).
    Removing F08_1.o(.constdata), (768 bytes).
    Removing F08_1.o(.constdata), (12 bytes).
    Removing F08_1.o(.constdata), (36 bytes).
    Removing F08_ASCII.o(.constdata), (760 bytes).
    Removing F08_ASCII.o(.constdata), (760 bytes).
    Removing F08_ASCII.o(.constdata), (12 bytes).
    Removing F08_ASCII.o(.constdata), (36 bytes).
    Removing F10S_ASCII.o(.constdata), (10 bytes).
    Removing F10S_ASCII.o(.constdata), (10 bytes).
    Removing F10S_ASCII.o(.constdata), (10 bytes).
    Removing F10S_ASCII.o(.constdata), (10 bytes).
    Removing F10S_ASCII.o(.constdata), (10 bytes).
    Removing F10S_ASCII.o(.constdata), (10 bytes).
    Removing F10S_ASCII.o(.constdata), (10 bytes).
    Removing F10S_ASCII.o(.constdata), (10 bytes).
    Removing F10S_ASCII.o(.constdata), (10 bytes).
    Removing F10S_ASCII.o(.constdata), (10 bytes).
    Removing F10S_ASCII.o(.constdata), (10 bytes).
    Removing F10S_ASCII.o(.constdata), (10 bytes).
    Removing F10S_ASCII.o(.constdata), (10 bytes).
    Removing F10S_ASCII.o(.constdata), (10 bytes).
    Removing F10S_ASCII.o(.constdata), (10 bytes).
    Removing F10S_ASCII.o(.constdata), (10 bytes).
    Removing F10S_ASCII.o(.constdata), (10 bytes).
    Removing F10S_ASCII.o(.constdata), (10 bytes).
    Removing F10S_ASCII.o(.constdata), (10 bytes).
    Removing F10S_ASCII.o(.constdata), (10 bytes).
    Removing F10S_ASCII.o(.constdata), (10 bytes).
    Removing F10S_ASCII.o(.constdata), (10 bytes).
    Removing F10S_ASCII.o(.constdata), (10 bytes).
    Removing F10S_ASCII.o(.constdata), (10 bytes).
    Removing F10S_ASCII.o(.constdata), (10 bytes).
    Removing F10S_ASCII.o(.constdata), (10 bytes).
    Removing F10S_ASCII.o(.constdata), (10 bytes).
    Removing F10S_ASCII.o(.constdata), (10 bytes).
    Removing F10S_ASCII.o(.constdata), (10 bytes).
    Removing F10S_ASCII.o(.constdata), (10 bytes).
    Removing F10S_ASCII.o(.constdata), (10 bytes).
    Removing F10S_ASCII.o(.constdata), (10 bytes).
    Removing F10S_ASCII.o(.constdata), (10 bytes).
    Removing F10S_ASCII.o(.constdata), (10 bytes).
    Removing F10S_ASCII.o(.constdata), (10 bytes).
    Removing F10S_ASCII.o(.constdata), (10 bytes).
    Removing F10S_ASCII.o(.constdata), (10 bytes).
    Removing F10S_ASCII.o(.constdata), (10 bytes).
    Removing F10S_ASCII.o(.constdata), (10 bytes).
    Removing F10S_ASCII.o(.constdata), (10 bytes).
    Removing F10S_ASCII.o(.constdata), (10 bytes).
    Removing F10S_ASCII.o(.constdata), (10 bytes).
    Removing F10S_ASCII.o(.constdata), (10 bytes).
    Removing F10S_ASCII.o(.constdata), (10 bytes).
    Removing F10S_ASCII.o(.constdata), (10 bytes).
    Removing F10S_ASCII.o(.constdata), (10 bytes).
    Removing F10S_ASCII.o(.constdata), (10 bytes).
    Removing F10S_ASCII.o(.constdata), (10 bytes).
    Removing F10S_ASCII.o(.constdata), (10 bytes).
    Removing F10S_ASCII.o(.constdata), (10 bytes).
    Removing F10S_ASCII.o(.constdata), (10 bytes).
    Removing F10S_ASCII.o(.constdata), (10 bytes).
    Removing F10S_ASCII.o(.constdata), (10 bytes).
    Removing F10S_ASCII.o(.constdata), (10 bytes).
    Removing F10S_ASCII.o(.constdata), (10 bytes).
    Removing F10S_ASCII.o(.constdata), (10 bytes).
    Removing F10S_ASCII.o(.constdata), (10 bytes).
    Removing F10S_ASCII.o(.constdata), (10 bytes).
    Removing F10S_ASCII.o(.constdata), (10 bytes).
    Removing F10S_ASCII.o(.constdata), (10 bytes).
    Removing F10S_ASCII.o(.constdata), (10 bytes).
    Removing F10S_ASCII.o(.constdata), (10 bytes).
    Removing F10S_ASCII.o(.constdata), (10 bytes).
    Removing F10S_ASCII.o(.constdata), (10 bytes).
    Removing F10S_ASCII.o(.constdata), (10 bytes).
    Removing F10S_ASCII.o(.constdata), (10 bytes).
    Removing F10S_ASCII.o(.constdata), (10 bytes).
    Removing F10S_ASCII.o(.constdata), (10 bytes).
    Removing F10S_ASCII.o(.constdata), (10 bytes).
    Removing F10S_ASCII.o(.constdata), (10 bytes).
    Removing F10S_ASCII.o(.constdata), (10 bytes).
    Removing F10S_ASCII.o(.constdata), (10 bytes).
    Removing F10S_ASCII.o(.constdata), (10 bytes).
    Removing F10S_ASCII.o(.constdata), (10 bytes).
    Removing F10S_ASCII.o(.constdata), (10 bytes).
    Removing F10S_ASCII.o(.constdata), (10 bytes).
    Removing F10S_ASCII.o(.constdata), (10 bytes).
    Removing F10S_ASCII.o(.constdata), (10 bytes).
    Removing F10S_ASCII.o(.constdata), (10 bytes).
    Removing F10S_ASCII.o(.constdata), (10 bytes).
    Removing F10S_ASCII.o(.constdata), (10 bytes).
    Removing F10S_ASCII.o(.constdata), (10 bytes).
    Removing F10S_ASCII.o(.constdata), (10 bytes).
    Removing F10S_ASCII.o(.constdata), (10 bytes).
    Removing F10S_ASCII.o(.constdata), (10 bytes).
    Removing F10S_ASCII.o(.constdata), (10 bytes).
    Removing F10S_ASCII.o(.constdata), (10 bytes).
    Removing F10S_ASCII.o(.constdata), (10 bytes).
    Removing F10S_ASCII.o(.constdata), (10 bytes).
    Removing F10S_ASCII.o(.constdata), (10 bytes).
    Removing F10S_ASCII.o(.constdata), (10 bytes).
    Removing F10S_ASCII.o(.constdata), (10 bytes).
    Removing F10S_ASCII.o(.constdata), (10 bytes).
    Removing F10S_ASCII.o(.constdata), (10 bytes).
    Removing F10S_ASCII.o(.constdata), (10 bytes).
    Removing F10S_ASCII.o(.constdata), (768 bytes).
    Removing F10S_ASCII.o(.constdata), (12 bytes).
    Removing F10S_ASCII.o(.constdata), (36 bytes).
    Removing F13B_ASCII.o(.constdata), (13 bytes).
    Removing F13B_ASCII.o(.constdata), (13 bytes).
    Removing F13B_ASCII.o(.constdata), (13 bytes).
    Removing F13B_ASCII.o(.constdata), (26 bytes).
    Removing F13B_ASCII.o(.constdata), (13 bytes).
    Removing F13B_ASCII.o(.constdata), (26 bytes).
    Removing F13B_ASCII.o(.constdata), (26 bytes).
    Removing F13B_ASCII.o(.constdata), (13 bytes).
    Removing F13B_ASCII.o(.constdata), (13 bytes).
    Removing F13B_ASCII.o(.constdata), (13 bytes).
    Removing F13B_ASCII.o(.constdata), (13 bytes).
    Removing F13B_ASCII.o(.constdata), (26 bytes).
    Removing F13B_ASCII.o(.constdata), (13 bytes).
    Removing F13B_ASCII.o(.constdata), (13 bytes).
    Removing F13B_ASCII.o(.constdata), (13 bytes).
    Removing F13B_ASCII.o(.constdata), (13 bytes).
    Removing F13B_ASCII.o(.constdata), (13 bytes).
    Removing F13B_ASCII.o(.constdata), (13 bytes).
    Removing F13B_ASCII.o(.constdata), (13 bytes).
    Removing F13B_ASCII.o(.constdata), (13 bytes).
    Removing F13B_ASCII.o(.constdata), (13 bytes).
    Removing F13B_ASCII.o(.constdata), (13 bytes).
    Removing F13B_ASCII.o(.constdata), (13 bytes).
    Removing F13B_ASCII.o(.constdata), (13 bytes).
    Removing F13B_ASCII.o(.constdata), (13 bytes).
    Removing F13B_ASCII.o(.constdata), (13 bytes).
    Removing F13B_ASCII.o(.constdata), (13 bytes).
    Removing F13B_ASCII.o(.constdata), (13 bytes).
    Removing F13B_ASCII.o(.constdata), (26 bytes).
    Removing F13B_ASCII.o(.constdata), (26 bytes).
    Removing F13B_ASCII.o(.constdata), (26 bytes).
    Removing F13B_ASCII.o(.constdata), (13 bytes).
    Removing F13B_ASCII.o(.constdata), (26 bytes).
    Removing F13B_ASCII.o(.constdata), (13 bytes).
    Removing F13B_ASCII.o(.constdata), (13 bytes).
    Removing F13B_ASCII.o(.constdata), (13 bytes).
    Removing F13B_ASCII.o(.constdata), (13 bytes).
    Removing F13B_ASCII.o(.constdata), (13 bytes).
    Removing F13B_ASCII.o(.constdata), (13 bytes).
    Removing F13B_ASCII.o(.constdata), (13 bytes).
    Removing F13B_ASCII.o(.constdata), (13 bytes).
    Removing F13B_ASCII.o(.constdata), (13 bytes).
    Removing F13B_ASCII.o(.constdata), (13 bytes).
    Removing F13B_ASCII.o(.constdata), (13 bytes).
    Removing F13B_ASCII.o(.constdata), (13 bytes).
    Removing F13B_ASCII.o(.constdata), (26 bytes).
    Removing F13B_ASCII.o(.constdata), (13 bytes).
    Removing F13B_ASCII.o(.constdata), (13 bytes).
    Removing F13B_ASCII.o(.constdata), (13 bytes).
    Removing F13B_ASCII.o(.constdata), (13 bytes).
    Removing F13B_ASCII.o(.constdata), (13 bytes).
    Removing F13B_ASCII.o(.constdata), (13 bytes).
    Removing F13B_ASCII.o(.constdata), (13 bytes).
    Removing F13B_ASCII.o(.constdata), (13 bytes).
    Removing F13B_ASCII.o(.constdata), (13 bytes).
    Removing F13B_ASCII.o(.constdata), (26 bytes).
    Removing F13B_ASCII.o(.constdata), (13 bytes).
    Removing F13B_ASCII.o(.constdata), (13 bytes).
    Removing F13B_ASCII.o(.constdata), (13 bytes).
    Removing F13B_ASCII.o(.constdata), (13 bytes).
    Removing F13B_ASCII.o(.constdata), (13 bytes).
    Removing F13B_ASCII.o(.constdata), (13 bytes).
    Removing F13B_ASCII.o(.constdata), (26 bytes).
    Removing F13B_ASCII.o(.constdata), (13 bytes).
    Removing F13B_ASCII.o(.constdata), (13 bytes).
    Removing F13B_ASCII.o(.constdata), (13 bytes).
    Removing F13B_ASCII.o(.constdata), (13 bytes).
    Removing F13B_ASCII.o(.constdata), (13 bytes).
    Removing F13B_ASCII.o(.constdata), (13 bytes).
    Removing F13B_ASCII.o(.constdata), (13 bytes).
    Removing F13B_ASCII.o(.constdata), (13 bytes).
    Removing F13B_ASCII.o(.constdata), (13 bytes).
    Removing F13B_ASCII.o(.constdata), (13 bytes).
    Removing F13B_ASCII.o(.constdata), (13 bytes).
    Removing F13B_ASCII.o(.constdata), (13 bytes).
    Removing F13B_ASCII.o(.constdata), (13 bytes).
    Removing F13B_ASCII.o(.constdata), (13 bytes).
    Removing F13B_ASCII.o(.constdata), (26 bytes).
    Removing F13B_ASCII.o(.constdata), (13 bytes).
    Removing F13B_ASCII.o(.constdata), (13 bytes).
    Removing F13B_ASCII.o(.constdata), (13 bytes).
    Removing F13B_ASCII.o(.constdata), (13 bytes).
    Removing F13B_ASCII.o(.constdata), (13 bytes).
    Removing F13B_ASCII.o(.constdata), (13 bytes).
    Removing F13B_ASCII.o(.constdata), (13 bytes).
    Removing F13B_ASCII.o(.constdata), (13 bytes).
    Removing F13B_ASCII.o(.constdata), (13 bytes).
    Removing F13B_ASCII.o(.constdata), (26 bytes).
    Removing F13B_ASCII.o(.constdata), (13 bytes).
    Removing F13B_ASCII.o(.constdata), (13 bytes).
    Removing F13B_ASCII.o(.constdata), (13 bytes).
    Removing F13B_ASCII.o(.constdata), (13 bytes).
    Removing F13B_ASCII.o(.constdata), (13 bytes).
    Removing F13B_ASCII.o(.constdata), (13 bytes).
    Removing F13B_ASCII.o(.constdata), (26 bytes).
    Removing F13B_ASCII.o(.constdata), (760 bytes).
    Removing F13B_ASCII.o(.constdata), (12 bytes).
    Removing F13B_ASCII.o(.constdata), (36 bytes).
    Removing F20_ASCII.o(.constdata), (20 bytes).
    Removing F20_ASCII.o(.constdata), (20 bytes).
    Removing F20_ASCII.o(.constdata), (20 bytes).
    Removing F20_ASCII.o(.constdata), (40 bytes).
    Removing F20_ASCII.o(.constdata), (40 bytes).
    Removing F20_ASCII.o(.constdata), (40 bytes).
    Removing F20_ASCII.o(.constdata), (40 bytes).
    Removing F20_ASCII.o(.constdata), (20 bytes).
    Removing F20_ASCII.o(.constdata), (20 bytes).
    Removing F20_ASCII.o(.constdata), (20 bytes).
    Removing F20_ASCII.o(.constdata), (20 bytes).
    Removing F20_ASCII.o(.constdata), (40 bytes).
    Removing F20_ASCII.o(.constdata), (20 bytes).
    Removing F20_ASCII.o(.constdata), (20 bytes).
    Removing F20_ASCII.o(.constdata), (20 bytes).
    Removing F20_ASCII.o(.constdata), (20 bytes).
    Removing F20_ASCII.o(.constdata), (40 bytes).
    Removing F20_ASCII.o(.constdata), (40 bytes).
    Removing F20_ASCII.o(.constdata), (40 bytes).
    Removing F20_ASCII.o(.constdata), (40 bytes).
    Removing F20_ASCII.o(.constdata), (40 bytes).
    Removing F20_ASCII.o(.constdata), (40 bytes).
    Removing F20_ASCII.o(.constdata), (40 bytes).
    Removing F20_ASCII.o(.constdata), (40 bytes).
    Removing F20_ASCII.o(.constdata), (40 bytes).
    Removing F20_ASCII.o(.constdata), (40 bytes).
    Removing F20_ASCII.o(.constdata), (20 bytes).
    Removing F20_ASCII.o(.constdata), (20 bytes).
    Removing F20_ASCII.o(.constdata), (40 bytes).
    Removing F20_ASCII.o(.constdata), (40 bytes).
    Removing F20_ASCII.o(.constdata), (40 bytes).
    Removing F20_ASCII.o(.constdata), (40 bytes).
    Removing F20_ASCII.o(.constdata), (60 bytes).
    Removing F20_ASCII.o(.constdata), (40 bytes).
    Removing F20_ASCII.o(.constdata), (40 bytes).
    Removing F20_ASCII.o(.constdata), (40 bytes).
    Removing F20_ASCII.o(.constdata), (40 bytes).
    Removing F20_ASCII.o(.constdata), (40 bytes).
    Removing F20_ASCII.o(.constdata), (40 bytes).
    Removing F20_ASCII.o(.constdata), (40 bytes).
    Removing F20_ASCII.o(.constdata), (40 bytes).
    Removing F20_ASCII.o(.constdata), (20 bytes).
    Removing F20_ASCII.o(.constdata), (40 bytes).
    Removing F20_ASCII.o(.constdata), (40 bytes).
    Removing F20_ASCII.o(.constdata), (40 bytes).
    Removing F20_ASCII.o(.constdata), (40 bytes).
    Removing F20_ASCII.o(.constdata), (40 bytes).
    Removing F20_ASCII.o(.constdata), (40 bytes).
    Removing F20_ASCII.o(.constdata), (40 bytes).
    Removing F20_ASCII.o(.constdata), (40 bytes).
    Removing F20_ASCII.o(.constdata), (40 bytes).
    Removing F20_ASCII.o(.constdata), (40 bytes).
    Removing F20_ASCII.o(.constdata), (40 bytes).
    Removing F20_ASCII.o(.constdata), (40 bytes).
    Removing F20_ASCII.o(.constdata), (40 bytes).
    Removing F20_ASCII.o(.constdata), (60 bytes).
    Removing F20_ASCII.o(.constdata), (40 bytes).
    Removing F20_ASCII.o(.constdata), (40 bytes).
    Removing F20_ASCII.o(.constdata), (40 bytes).
    Removing F20_ASCII.o(.constdata), (20 bytes).
    Removing F20_ASCII.o(.constdata), (20 bytes).
    Removing F20_ASCII.o(.constdata), (20 bytes).
    Removing F20_ASCII.o(.constdata), (20 bytes).
    Removing F20_ASCII.o(.constdata), (40 bytes).
    Removing F20_ASCII.o(.constdata), (20 bytes).
    Removing F20_ASCII.o(.constdata), (40 bytes).
    Removing F20_ASCII.o(.constdata), (40 bytes).
    Removing F20_ASCII.o(.constdata), (40 bytes).
    Removing F20_ASCII.o(.constdata), (40 bytes).
    Removing F20_ASCII.o(.constdata), (40 bytes).
    Removing F20_ASCII.o(.constdata), (20 bytes).
    Removing F20_ASCII.o(.constdata), (40 bytes).
    Removing F20_ASCII.o(.constdata), (40 bytes).
    Removing F20_ASCII.o(.constdata), (20 bytes).
    Removing F20_ASCII.o(.constdata), (20 bytes).
    Removing F20_ASCII.o(.constdata), (40 bytes).
    Removing F20_ASCII.o(.constdata), (20 bytes).
    Removing F20_ASCII.o(.constdata), (40 bytes).
    Removing F20_ASCII.o(.constdata), (40 bytes).
    Removing F20_ASCII.o(.constdata), (40 bytes).
    Removing F20_ASCII.o(.constdata), (40 bytes).
    Removing F20_ASCII.o(.constdata), (40 bytes).
    Removing F20_ASCII.o(.constdata), (20 bytes).
    Removing F20_ASCII.o(.constdata), (40 bytes).
    Removing F20_ASCII.o(.constdata), (20 bytes).
    Removing F20_ASCII.o(.constdata), (40 bytes).
    Removing F20_ASCII.o(.constdata), (40 bytes).
    Removing F20_ASCII.o(.constdata), (40 bytes).
    Removing F20_ASCII.o(.constdata), (20 bytes).
    Removing F20_ASCII.o(.constdata), (40 bytes).
    Removing F20_ASCII.o(.constdata), (20 bytes).
    Removing F20_ASCII.o(.constdata), (20 bytes).
    Removing F20_ASCII.o(.constdata), (20 bytes).
    Removing F20_ASCII.o(.constdata), (20 bytes).
    Removing F20_ASCII.o(.constdata), (40 bytes).
    Removing F20_ASCII.o(.constdata), (760 bytes).
    Removing F20_ASCII.o(.constdata), (12 bytes).
    Removing F20_ASCII.o(.constdata), (36 bytes).
    Removing F24B_ASCII.o(.constdata), (24 bytes).
    Removing F24B_ASCII.o(.constdata), (24 bytes).
    Removing F24B_ASCII.o(.constdata), (48 bytes).
    Removing F24B_ASCII.o(.constdata), (48 bytes).
    Removing F24B_ASCII.o(.constdata), (48 bytes).
    Removing F24B_ASCII.o(.constdata), (72 bytes).
    Removing F24B_ASCII.o(.constdata), (48 bytes).
    Removing F24B_ASCII.o(.constdata), (24 bytes).
    Removing F24B_ASCII.o(.constdata), (24 bytes).
    Removing F24B_ASCII.o(.constdata), (24 bytes).
    Removing F24B_ASCII.o(.constdata), (24 bytes).
    Removing F24B_ASCII.o(.constdata), (48 bytes).
    Removing F24B_ASCII.o(.constdata), (24 bytes).
    Removing F24B_ASCII.o(.constdata), (24 bytes).
    Removing F24B_ASCII.o(.constdata), (24 bytes).
    Removing F24B_ASCII.o(.constdata), (24 bytes).
    Removing F24B_ASCII.o(.constdata), (48 bytes).
    Removing F24B_ASCII.o(.constdata), (48 bytes).
    Removing F24B_ASCII.o(.constdata), (48 bytes).
    Removing F24B_ASCII.o(.constdata), (48 bytes).
    Removing F24B_ASCII.o(.constdata), (48 bytes).
    Removing F24B_ASCII.o(.constdata), (48 bytes).
    Removing F24B_ASCII.o(.constdata), (48 bytes).
    Removing F24B_ASCII.o(.constdata), (48 bytes).
    Removing F24B_ASCII.o(.constdata), (48 bytes).
    Removing F24B_ASCII.o(.constdata), (48 bytes).
    Removing F24B_ASCII.o(.constdata), (24 bytes).
    Removing F24B_ASCII.o(.constdata), (24 bytes).
    Removing F24B_ASCII.o(.constdata), (48 bytes).
    Removing F24B_ASCII.o(.constdata), (48 bytes).
    Removing F24B_ASCII.o(.constdata), (48 bytes).
    Removing F24B_ASCII.o(.constdata), (48 bytes).
    Removing F24B_ASCII.o(.constdata), (72 bytes).
    Removing F24B_ASCII.o(.constdata), (48 bytes).
    Removing F24B_ASCII.o(.constdata), (48 bytes).
    Removing F24B_ASCII.o(.constdata), (48 bytes).
    Removing F24B_ASCII.o(.constdata), (48 bytes).
    Removing F24B_ASCII.o(.constdata), (48 bytes).
    Removing F24B_ASCII.o(.constdata), (48 bytes).
    Removing F24B_ASCII.o(.constdata), (48 bytes).
    Removing F24B_ASCII.o(.constdata), (48 bytes).
    Removing F24B_ASCII.o(.constdata), (24 bytes).
    Removing F24B_ASCII.o(.constdata), (48 bytes).
    Removing F24B_ASCII.o(.constdata), (48 bytes).
    Removing F24B_ASCII.o(.constdata), (48 bytes).
    Removing F24B_ASCII.o(.constdata), (72 bytes).
    Removing F24B_ASCII.o(.constdata), (48 bytes).
    Removing F24B_ASCII.o(.constdata), (48 bytes).
    Removing F24B_ASCII.o(.constdata), (48 bytes).
    Removing F24B_ASCII.o(.constdata), (48 bytes).
    Removing F24B_ASCII.o(.constdata), (48 bytes).
    Removing F24B_ASCII.o(.constdata), (48 bytes).
    Removing F24B_ASCII.o(.constdata), (48 bytes).
    Removing F24B_ASCII.o(.constdata), (48 bytes).
    Removing F24B_ASCII.o(.constdata), (48 bytes).
    Removing F24B_ASCII.o(.constdata), (72 bytes).
    Removing F24B_ASCII.o(.constdata), (48 bytes).
    Removing F24B_ASCII.o(.constdata), (48 bytes).
    Removing F24B_ASCII.o(.constdata), (48 bytes).
    Removing F24B_ASCII.o(.constdata), (24 bytes).
    Removing F24B_ASCII.o(.constdata), (24 bytes).
    Removing F24B_ASCII.o(.constdata), (24 bytes).
    Removing F24B_ASCII.o(.constdata), (48 bytes).
    Removing F24B_ASCII.o(.constdata), (48 bytes).
    Removing F24B_ASCII.o(.constdata), (24 bytes).
    Removing F24B_ASCII.o(.constdata), (48 bytes).
    Removing F24B_ASCII.o(.constdata), (48 bytes).
    Removing F24B_ASCII.o(.constdata), (48 bytes).
    Removing F24B_ASCII.o(.constdata), (48 bytes).
    Removing F24B_ASCII.o(.constdata), (48 bytes).
    Removing F24B_ASCII.o(.constdata), (24 bytes).
    Removing F24B_ASCII.o(.constdata), (48 bytes).
    Removing F24B_ASCII.o(.constdata), (48 bytes).
    Removing F24B_ASCII.o(.constdata), (24 bytes).
    Removing F24B_ASCII.o(.constdata), (24 bytes).
    Removing F24B_ASCII.o(.constdata), (48 bytes).
    Removing F24B_ASCII.o(.constdata), (24 bytes).
    Removing F24B_ASCII.o(.constdata), (72 bytes).
    Removing F24B_ASCII.o(.constdata), (48 bytes).
    Removing F24B_ASCII.o(.constdata), (48 bytes).
    Removing F24B_ASCII.o(.constdata), (48 bytes).
    Removing F24B_ASCII.o(.constdata), (48 bytes).
    Removing F24B_ASCII.o(.constdata), (24 bytes).
    Removing F24B_ASCII.o(.constdata), (48 bytes).
    Removing F24B_ASCII.o(.constdata), (24 bytes).
    Removing F24B_ASCII.o(.constdata), (48 bytes).
    Removing F24B_ASCII.o(.constdata), (48 bytes).
    Removing F24B_ASCII.o(.constdata), (48 bytes).
    Removing F24B_ASCII.o(.constdata), (48 bytes).
    Removing F24B_ASCII.o(.constdata), (48 bytes).
    Removing F24B_ASCII.o(.constdata), (48 bytes).
    Removing F24B_ASCII.o(.constdata), (24 bytes).
    Removing F24B_ASCII.o(.constdata), (24 bytes).
    Removing F24B_ASCII.o(.constdata), (24 bytes).
    Removing F24B_ASCII.o(.constdata), (48 bytes).
    Removing F24B_ASCII.o(.constdata), (760 bytes).
    Removing F24B_ASCII.o(.constdata), (12 bytes).
    Removing F24B_ASCII.o(.constdata), (36 bytes).
    Removing FComic18B_ASCII.o(.constdata), (18 bytes).
    Removing FComic18B_ASCII.o(.constdata), (18 bytes).
    Removing FComic18B_ASCII.o(.constdata), (18 bytes).
    Removing FComic18B_ASCII.o(.constdata), (36 bytes).
    Removing FComic18B_ASCII.o(.constdata), (36 bytes).
    Removing FComic18B_ASCII.o(.constdata), (36 bytes).
    Removing FComic18B_ASCII.o(.constdata), (36 bytes).
    Removing FComic18B_ASCII.o(.constdata), (18 bytes).
    Removing FComic18B_ASCII.o(.constdata), (18 bytes).
    Removing FComic18B_ASCII.o(.constdata), (18 bytes).
    Removing FComic18B_ASCII.o(.constdata), (36 bytes).
    Removing FComic18B_ASCII.o(.constdata), (18 bytes).
    Removing FComic18B_ASCII.o(.constdata), (18 bytes).
    Removing FComic18B_ASCII.o(.constdata), (18 bytes).
    Removing FComic18B_ASCII.o(.constdata), (18 bytes).
    Removing FComic18B_ASCII.o(.constdata), (36 bytes).
    Removing FComic18B_ASCII.o(.constdata), (36 bytes).
    Removing FComic18B_ASCII.o(.constdata), (18 bytes).
    Removing FComic18B_ASCII.o(.constdata), (36 bytes).
    Removing FComic18B_ASCII.o(.constdata), (36 bytes).
    Removing FComic18B_ASCII.o(.constdata), (36 bytes).
    Removing FComic18B_ASCII.o(.constdata), (36 bytes).
    Removing FComic18B_ASCII.o(.constdata), (36 bytes).
    Removing FComic18B_ASCII.o(.constdata), (36 bytes).
    Removing FComic18B_ASCII.o(.constdata), (36 bytes).
    Removing FComic18B_ASCII.o(.constdata), (36 bytes).
    Removing FComic18B_ASCII.o(.constdata), (18 bytes).
    Removing FComic18B_ASCII.o(.constdata), (18 bytes).
    Removing FComic18B_ASCII.o(.constdata), (18 bytes).
    Removing FComic18B_ASCII.o(.constdata), (18 bytes).
    Removing FComic18B_ASCII.o(.constdata), (18 bytes).
    Removing FComic18B_ASCII.o(.constdata), (36 bytes).
    Removing FComic18B_ASCII.o(.constdata), (36 bytes).
    Removing FComic18B_ASCII.o(.constdata), (36 bytes).
    Removing FComic18B_ASCII.o(.constdata), (36 bytes).
    Removing FComic18B_ASCII.o(.constdata), (36 bytes).
    Removing FComic18B_ASCII.o(.constdata), (36 bytes).
    Removing FComic18B_ASCII.o(.constdata), (36 bytes).
    Removing FComic18B_ASCII.o(.constdata), (36 bytes).
    Removing FComic18B_ASCII.o(.constdata), (36 bytes).
    Removing FComic18B_ASCII.o(.constdata), (36 bytes).
    Removing FComic18B_ASCII.o(.constdata), (36 bytes).
    Removing FComic18B_ASCII.o(.constdata), (36 bytes).
    Removing FComic18B_ASCII.o(.constdata), (36 bytes).
    Removing FComic18B_ASCII.o(.constdata), (36 bytes).
    Removing FComic18B_ASCII.o(.constdata), (36 bytes).
    Removing FComic18B_ASCII.o(.constdata), (36 bytes).
    Removing FComic18B_ASCII.o(.constdata), (36 bytes).
    Removing FComic18B_ASCII.o(.constdata), (18 bytes).
    Removing FComic18B_ASCII.o(.constdata), (36 bytes).
    Removing FComic18B_ASCII.o(.constdata), (36 bytes).
    Removing FComic18B_ASCII.o(.constdata), (36 bytes).
    Removing FComic18B_ASCII.o(.constdata), (36 bytes).
    Removing FComic18B_ASCII.o(.constdata), (36 bytes).
    Removing FComic18B_ASCII.o(.constdata), (36 bytes).
    Removing FComic18B_ASCII.o(.constdata), (54 bytes).
    Removing FComic18B_ASCII.o(.constdata), (36 bytes).
    Removing FComic18B_ASCII.o(.constdata), (36 bytes).
    Removing FComic18B_ASCII.o(.constdata), (36 bytes).
    Removing FComic18B_ASCII.o(.constdata), (18 bytes).
    Removing FComic18B_ASCII.o(.constdata), (18 bytes).
    Removing FComic18B_ASCII.o(.constdata), (18 bytes).
    Removing FComic18B_ASCII.o(.constdata), (18 bytes).
    Removing FComic18B_ASCII.o(.constdata), (36 bytes).
    Removing FComic18B_ASCII.o(.constdata), (36 bytes).
    Removing FComic18B_ASCII.o(.constdata), (18 bytes).
    Removing FComic18B_ASCII.o(.constdata), (36 bytes).
    Removing FComic18B_ASCII.o(.constdata), (18 bytes).
    Removing FComic18B_ASCII.o(.constdata), (36 bytes).
    Removing FComic18B_ASCII.o(.constdata), (18 bytes).
    Removing FComic18B_ASCII.o(.constdata), (18 bytes).
    Removing FComic18B_ASCII.o(.constdata), (18 bytes).
    Removing FComic18B_ASCII.o(.constdata), (18 bytes).
    Removing FComic18B_ASCII.o(.constdata), (18 bytes).
    Removing FComic18B_ASCII.o(.constdata), (18 bytes).
    Removing FComic18B_ASCII.o(.constdata), (36 bytes).
    Removing FComic18B_ASCII.o(.constdata), (18 bytes).
    Removing FComic18B_ASCII.o(.constdata), (36 bytes).
    Removing FComic18B_ASCII.o(.constdata), (18 bytes).
    Removing FComic18B_ASCII.o(.constdata), (18 bytes).
    Removing FComic18B_ASCII.o(.constdata), (36 bytes).
    Removing FComic18B_ASCII.o(.constdata), (18 bytes).
    Removing FComic18B_ASCII.o(.constdata), (18 bytes).
    Removing FComic18B_ASCII.o(.constdata), (18 bytes).
    Removing FComic18B_ASCII.o(.constdata), (18 bytes).
    Removing FComic18B_ASCII.o(.constdata), (18 bytes).
    Removing FComic18B_ASCII.o(.constdata), (18 bytes).
    Removing FComic18B_ASCII.o(.constdata), (36 bytes).
    Removing FComic18B_ASCII.o(.constdata), (36 bytes).
    Removing FComic18B_ASCII.o(.constdata), (36 bytes).
    Removing FComic18B_ASCII.o(.constdata), (36 bytes).
    Removing FComic18B_ASCII.o(.constdata), (18 bytes).
    Removing FComic18B_ASCII.o(.constdata), (18 bytes).
    Removing FComic18B_ASCII.o(.constdata), (18 bytes).
    Removing FComic18B_ASCII.o(.constdata), (36 bytes).
    Removing FComic18B_ASCII.o(.constdata), (18 bytes).
    Removing FComic18B_ASCII.o(.constdata), (36 bytes).
    Removing FComic18B_ASCII.o(.constdata), (776 bytes).
    Removing FComic18B_ASCII.o(.constdata), (12 bytes).
    Removing FComic18B_ASCII.o(.constdata), (36 bytes).
    Removing FComic24B_ASCII.o(.constdata), (48 bytes).
    Removing FComic24B_ASCII.o(.constdata), (24 bytes).
    Removing FComic24B_ASCII.o(.constdata), (48 bytes).
    Removing FComic24B_ASCII.o(.constdata), (72 bytes).
    Removing FComic24B_ASCII.o(.constdata), (48 bytes).
    Removing FComic24B_ASCII.o(.constdata), (72 bytes).
    Removing FComic24B_ASCII.o(.constdata), (48 bytes).
    Removing FComic24B_ASCII.o(.constdata), (48 bytes).
    Removing FComic24B_ASCII.o(.constdata), (24 bytes).
    Removing FComic24B_ASCII.o(.constdata), (24 bytes).
    Removing FComic24B_ASCII.o(.constdata), (48 bytes).
    Removing FComic24B_ASCII.o(.constdata), (48 bytes).
    Removing FComic24B_ASCII.o(.constdata), (48 bytes).
    Removing FComic24B_ASCII.o(.constdata), (48 bytes).
    Removing FComic24B_ASCII.o(.constdata), (48 bytes).
    Removing FComic24B_ASCII.o(.constdata), (48 bytes).
    Removing FComic24B_ASCII.o(.constdata), (48 bytes).
    Removing FComic24B_ASCII.o(.constdata), (48 bytes).
    Removing FComic24B_ASCII.o(.constdata), (48 bytes).
    Removing FComic24B_ASCII.o(.constdata), (48 bytes).
    Removing FComic24B_ASCII.o(.constdata), (48 bytes).
    Removing FComic24B_ASCII.o(.constdata), (48 bytes).
    Removing FComic24B_ASCII.o(.constdata), (48 bytes).
    Removing FComic24B_ASCII.o(.constdata), (48 bytes).
    Removing FComic24B_ASCII.o(.constdata), (48 bytes).
    Removing FComic24B_ASCII.o(.constdata), (48 bytes).
    Removing FComic24B_ASCII.o(.constdata), (48 bytes).
    Removing FComic24B_ASCII.o(.constdata), (48 bytes).
    Removing FComic24B_ASCII.o(.constdata), (48 bytes).
    Removing FComic24B_ASCII.o(.constdata), (48 bytes).
    Removing FComic24B_ASCII.o(.constdata), (48 bytes).
    Removing FComic24B_ASCII.o(.constdata), (48 bytes).
    Removing FComic24B_ASCII.o(.constdata), (72 bytes).
    Removing FComic24B_ASCII.o(.constdata), (48 bytes).
    Removing FComic24B_ASCII.o(.constdata), (48 bytes).
    Removing FComic24B_ASCII.o(.constdata), (48 bytes).
    Removing FComic24B_ASCII.o(.constdata), (48 bytes).
    Removing FComic24B_ASCII.o(.constdata), (48 bytes).
    Removing FComic24B_ASCII.o(.constdata), (48 bytes).
    Removing FComic24B_ASCII.o(.constdata), (48 bytes).
    Removing FComic24B_ASCII.o(.constdata), (48 bytes).
    Removing FComic24B_ASCII.o(.constdata), (48 bytes).
    Removing FComic24B_ASCII.o(.constdata), (48 bytes).
    Removing FComic24B_ASCII.o(.constdata), (48 bytes).
    Removing FComic24B_ASCII.o(.constdata), (48 bytes).
    Removing FComic24B_ASCII.o(.constdata), (72 bytes).
    Removing FComic24B_ASCII.o(.constdata), (72 bytes).
    Removing FComic24B_ASCII.o(.constdata), (72 bytes).
    Removing FComic24B_ASCII.o(.constdata), (48 bytes).
    Removing FComic24B_ASCII.o(.constdata), (72 bytes).
    Removing FComic24B_ASCII.o(.constdata), (48 bytes).
    Removing FComic24B_ASCII.o(.constdata), (48 bytes).
    Removing FComic24B_ASCII.o(.constdata), (48 bytes).
    Removing FComic24B_ASCII.o(.constdata), (48 bytes).
    Removing FComic24B_ASCII.o(.constdata), (48 bytes).
    Removing FComic24B_ASCII.o(.constdata), (72 bytes).
    Removing FComic24B_ASCII.o(.constdata), (48 bytes).
    Removing FComic24B_ASCII.o(.constdata), (48 bytes).
    Removing FComic24B_ASCII.o(.constdata), (48 bytes).
    Removing FComic24B_ASCII.o(.constdata), (24 bytes).
    Removing FComic24B_ASCII.o(.constdata), (48 bytes).
    Removing FComic24B_ASCII.o(.constdata), (24 bytes).
    Removing FComic24B_ASCII.o(.constdata), (48 bytes).
    Removing FComic24B_ASCII.o(.constdata), (48 bytes).
    Removing FComic24B_ASCII.o(.constdata), (48 bytes).
    Removing FComic24B_ASCII.o(.constdata), (48 bytes).
    Removing FComic24B_ASCII.o(.constdata), (48 bytes).
    Removing FComic24B_ASCII.o(.constdata), (48 bytes).
    Removing FComic24B_ASCII.o(.constdata), (48 bytes).
    Removing FComic24B_ASCII.o(.constdata), (48 bytes).
    Removing FComic24B_ASCII.o(.constdata), (48 bytes).
    Removing FComic24B_ASCII.o(.constdata), (48 bytes).
    Removing FComic24B_ASCII.o(.constdata), (48 bytes).
    Removing FComic24B_ASCII.o(.constdata), (24 bytes).
    Removing FComic24B_ASCII.o(.constdata), (24 bytes).
    Removing FComic24B_ASCII.o(.constdata), (48 bytes).
    Removing FComic24B_ASCII.o(.constdata), (24 bytes).
    Removing FComic24B_ASCII.o(.constdata), (48 bytes).
    Removing FComic24B_ASCII.o(.constdata), (48 bytes).
    Removing FComic24B_ASCII.o(.constdata), (48 bytes).
    Removing FComic24B_ASCII.o(.constdata), (48 bytes).
    Removing FComic24B_ASCII.o(.constdata), (48 bytes).
    Removing FComic24B_ASCII.o(.constdata), (48 bytes).
    Removing FComic24B_ASCII.o(.constdata), (48 bytes).
    Removing FComic24B_ASCII.o(.constdata), (48 bytes).
    Removing FComic24B_ASCII.o(.constdata), (48 bytes).
    Removing FComic24B_ASCII.o(.constdata), (48 bytes).
    Removing FComic24B_ASCII.o(.constdata), (48 bytes).
    Removing FComic24B_ASCII.o(.constdata), (48 bytes).
    Removing FComic24B_ASCII.o(.constdata), (48 bytes).
    Removing FComic24B_ASCII.o(.constdata), (48 bytes).
    Removing FComic24B_ASCII.o(.constdata), (24 bytes).
    Removing FComic24B_ASCII.o(.constdata), (48 bytes).
    Removing FComic24B_ASCII.o(.constdata), (24 bytes).
    Removing FComic24B_ASCII.o(.constdata), (48 bytes).
    Removing FComic24B_ASCII.o(.constdata), (48 bytes).
    Removing FComic24B_ASCII.o(.constdata), (768 bytes).
    Removing FComic24B_ASCII.o(.constdata), (12 bytes).
    Removing FComic24B_ASCII.o(.constdata), (36 bytes).
    Removing FRAMEWIN.o(.text), (2448 bytes).
    Removing FRAMEWIN.o(.data), (48 bytes).
    Removing FRAMEWIN_CreateIndirect.o(.text), (68 bytes).
    Removing FRAMEWIN_Default.o(.text), (136 bytes).
    Removing FRAMEWIN_SetColors.o(.text), (204 bytes).
    Removing FRAMEWIN_Skin.o(.text), (512 bytes).
    Removing FRAMEWIN_Skin.o(.data), (20 bytes).
    Removing FRAMEWIN_SkinFlex.o(.text), (1076 bytes).
    Removing FRAMEWIN_SkinFlex.o(.constdata), (8 bytes).
    Removing FRAMEWIN_SkinFlex.o(.data), (88 bytes).
    Removing GRAPH.o(.text), (3388 bytes).
    Removing GRAPH.o(.data), (48 bytes).
    Removing GRAPH_DATA_YT.o(.text), (688 bytes).
    Removing GRAPH_SCALE.o(.text), (924 bytes).
    Removing GRAPH_SCALE.o(.data), (8 bytes).
    Removing GUIAA_Arc.o(.text), (160 bytes).
    Removing GUIAA_Char4.o(.text), (704 bytes).
    Removing GUIAA_Char4.o(.bss), (64 bytes).
    Removing GUIAA_Char4.o(.data), (40 bytes).
    Removing GUIAA_Char4Ext.o(.text), (184 bytes).
    Removing GUIAA_Lib.o(.text), (832 bytes).
    Removing GUIAA_Lib.o(.data), (60 bytes).
    Removing GUIAA_Line.o(.text), (252 bytes).
    Removing GUIAA_Poly.o(.text), (476 bytes).
    Removing GUICC_565.o(.text), (328 bytes).
    Removing GUICC_565.o(.constdata), (24 bytes).
    Removing GUICC_888.o(.text), (178 bytes).
    Removing GUICC_888.o(.constdata), (24 bytes).
    Removing GUICC_8888.o(.text), (166 bytes).
    Removing GUICC_8888.o(.constdata), (24 bytes).
    Removing GUIDEV.o(.text), (1068 bytes).
    Removing GUIDEV_32.o(.text), (3064 bytes).
    Removing GUIDEV_32.o(.constdata), (116 bytes).
    Removing GUIDEV_Auto.o(.text), (180 bytes).
    Removing GUIDEV_CopyFromLCD.o(.text), (836 bytes).
    Removing GUIDEV_CreateFixed.o(.text), (60 bytes).
    Removing GUIDEV_GetDataPtr.o(.text), (34 bytes).
    Removing GUIDEV_GetXSize.o(.text), (56 bytes).
    Removing GUIDEV_GetYSize.o(.text), (56 bytes).
    Removing GUIDEV_MoveAndFade.o(.text), (768 bytes).
    Removing GUIDEV_MoveAndFade.o(.data), (8 bytes).
    Removing GUIDEV_Perspective.o(.text), (916 bytes).
    Removing GUIDEV_Rotate.o(.text), (1774 bytes).
    Removing GUIDEV_Write.o(.text), (212 bytes).
    Removing GUIDRV_FlexColor.o(.text), (2288 bytes).
    Removing GUIDRV_FlexColor.o(.constdata), (52 bytes).
    Removing GUIDRV_FlexColor.o(.constdata), (64 bytes).
    Removing GUIDRV_FlexColor.o(.data), (28 bytes).
    Removing GUIDRV_FlexColor_16bpp_C0B16.o(.text), (1648 bytes).
    Removing GUIDRV_FlexColor_Func66708.o(.text), (940 bytes).
    Removing GUI_2DLib.o(.text), (216 bytes).
    Removing GUI_Alloc.o(.text), (3064 bytes).
    Removing GUI_Alloc.o(.bss), (188 bytes).
    Removing GUI_Alloc.o(.constdata), (660 bytes).
    Removing GUI_Alloc.o(.data), (20 bytes).
    Removing GUI_Char.o(.text), (264 bytes).
    Removing GUI_CharP.o(.text), (396 bytes).
    Removing GUI_CharPExt.o(.text), (416 bytes).
    Removing GUI_Circ.o(.text), (2112 bytes).
    Removing GUI_Color2Index.o(.text), (24 bytes).
    Removing GUI_Core.o(.text), (644 bytes).
    Removing GUI_Core.o(.bss), (224 bytes).
    Removing GUI_Core.o(.constdata), (120 bytes).
    Removing GUI_Core.o(.data), (28 bytes).
    Removing GUI_Core.o(.data), (4 bytes).
    Removing GUI_Core.o(.data), (4 bytes).
    Removing GUI_Core.o(.data), (4 bytes).
    Removing GUI_Core.o(.data), (4 bytes).
    Removing GUI_Core.o(.data), (4 bytes).
    Removing GUI_Core.o(.data), (2 bytes).
    Removing GUI_Core.o(.data), (2 bytes).
    Removing GUI_Device.o(.text), (556 bytes).
    Removing GUI_DispChar.o(.text), (284 bytes).
    Removing GUI_DispString.o(.text), (256 bytes).
    Removing GUI_DispStringAt.o(.text), (36 bytes).
    Removing GUI_DispStringHCenter.o(.text), (52 bytes).
    Removing GUI_DispStringInRect.o(.text), (512 bytes).
    Removing GUI_DispStringInRectWrap.o(.text), (344 bytes).
    Removing GUI_DrawBitmap.o(.text), (364 bytes).
    Removing GUI_DrawBitmapMag.o(.text), (212 bytes).
    Removing GUI_DrawBitmap_8888.o(.text), (1090 bytes).
    Removing GUI_DrawBitmap_8888.o(.constdata), (12 bytes).
    Removing GUI_DrawGradient.o(.text), (996 bytes).
    Removing GUI_DrawHLine.o(.text), (88 bytes).
    Removing GUI_DrawRoundedRect.o(.text), (420 bytes).
    Removing GUI_DrawVLine.o(.text), (80 bytes).
    Removing GUI_EncExt.o(.text), (240 bytes).
    Removing GUI_EncExt.o(.constdata), (12 bytes).
    Removing GUI_EncExt.o(.data), (8 bytes).
    Removing GUI_Exec.o(.text), (76 bytes).
    Removing GUI_FillRect.o(.text), (88 bytes).
    Removing GUI_FillRoundedRect.o(.text), (512 bytes).
    Removing GUI_GetColor.o(.text), (88 bytes).
    Removing GUI_GetFontSizeY.o(.text), (20 bytes).
    Removing GUI_GetStringDistX.o(.text), (20 bytes).
    Removing GUI_GetVersionString.o(.text), (24 bytes).
    Removing GUI_GetVersionString.o(.data), (7 bytes).
    Removing GUI_Goto.o(.text), (76 bytes).
    Removing GUI_JPEG.o(.text), (14880 bytes).
    Removing GUI_JPEG.o(.constdata), (976 bytes).
    Removing GUI_MULTIBUF.o(.text), (668 bytes).
    Removing GUI_MULTIBUF.o(.bss), (320 bytes).
    Removing GUI_MULTIBUF.o(.data), (4 bytes).
    Removing GUI_OnKey.o(.text), (232 bytes).
    Removing GUI_OnKey.o(.bss), (88 bytes).
    Removing GUI_OnKey.o(.data), (12 bytes).
    Removing GUI_Pen.o(.text), (84 bytes).
    Removing GUI_PID.o(.text), (268 bytes).
    Removing GUI_PID.o(.bss), (72 bytes).
    Removing GUI_PID.o(.data), (8 bytes).
    Removing GUI_PolyRotate.o(.text), (112 bytes).
    Removing GUI_SetAlpha.o(.text), (3324 bytes).
    Removing GUI_SetAlpha.o(.bss), (80 bytes).
    Removing GUI_SetAlpha.o(.constdata), (52 bytes).
    Removing GUI_SetAlpha.o(.data), (20 bytes).
    Removing GUI_SetClipRect.o(.text), (24 bytes).
    Removing GUI_SetColor.o(.text), (44 bytes).
    Removing GUI_SetColorIndex.o(.text), (64 bytes).
    Removing GUI_SetFont.o(.text), (32 bytes).
    Removing GUI_SetOrg.o(.text), (60 bytes).
    Removing GUI_SetTextAlign.o(.text), (28 bytes).
    Removing GUI_SetTextMode.o(.text), (28 bytes).
    Removing GUI_SIF.o(.text), (536 bytes).
    Removing GUI_SIF_PropFrm.o(.text), (268 bytes).
    Removing GUI_SIF_PropFrm.o(.constdata), (24 bytes).
    Removing GUI_SPRITE.o(.text), (6096 bytes).
    Removing GUI_SPRITE.o(.constdata), (52 bytes).
    Removing GUI_Time.o(.text), (116 bytes).
    Removing GUI_Val.o(.text), (268 bytes).
    Removing GUI__SinHQ.o(.text), (264 bytes).
    Removing GUI__SinHQ.o(.constdata), (364 bytes).
    Removing HEADER_SetDragLimit.o(.text), (48 bytes).
    Removing HEADER_Skin.o(.text), (392 bytes).
    Removing HEADER_Skin.o(.data), (12 bytes).
    Removing HEADER_SkinFlex.o(.text), (748 bytes).
    Removing HEADER_SkinFlex.o(.constdata), (4 bytes).
    Removing HEADER_SkinFlex.o(.data), (28 bytes).
    Removing ICONVIEW.o(.text), (4106 bytes).
    Removing ICONVIEW.o(.data), (56 bytes).
    Removing LCD_GetEx.o(.text), (1340 bytes).
    Removing LCD_Info.o(.text), (64 bytes).
    Removing LCD_RLE4.o(.text), (848 bytes).
    Removing LCD_RLE4.o(.constdata), (12 bytes).
    Removing LCD_RLE4.o(.constdata), (12 bytes).
    Removing LCD_RLE4.o(.data), (12 bytes).
    Removing LCD_RLE8.o(.text), (860 bytes).
    Removing LCD_RLE8.o(.bss), (16 bytes).
    Removing LCD_RLE8.o(.constdata), (12 bytes).
    Removing LCD_RLE8.o(.constdata), (12 bytes).
    Removing LCD_RLE8.o(.data), (12 bytes).
    Removing LCD_Set.o(.text), (1120 bytes).
    Removing LISTVIEW.o(.text), (4530 bytes).
    Removing LISTVIEW.o(.data), (48 bytes).
    Removing LISTVIEW_GetHeader.o(.text), (38 bytes).
    Removing LISTVIEW_GetNumColumns.o(.text), (42 bytes).
    Removing LISTVIEW_GetNumRows.o(.text), (42 bytes).
    Removing LISTVIEW_InsertRow.o(.text), (322 bytes).
    Removing LISTVIEW_SetAutoScroll.o(.text), (136 bytes).
    Removing LISTVIEW_SetGridVis.o(.text), (62 bytes).
    Removing LISTVIEW_SetItemColor.o(.text), (580 bytes).
    Removing LISTVIEW_SetLBorder.o(.text), (50 bytes).
    Removing LISTVIEW_SetRBorder.o(.text), (54 bytes).
    Removing LISTVIEW_SetSort.o(.text), (1840 bytes).
    Removing PROGBAR.o(.text), (968 bytes).
    Removing PROGBAR.o(.data), (28 bytes).
    Removing PROGBAR_CreateIndirect.o(.text), (60 bytes).
    Removing PROGBAR_SetFont.o(.text), (44 bytes).
    Removing PROGBAR_SetMinMax.o(.text), (64 bytes).
    Removing PROGBAR_SetTextAlign.o(.text), (46 bytes).
    Removing PROGBAR_Skin.o(.text), (452 bytes).
    Removing PROGBAR_Skin.o(.data), (12 bytes).
    Removing PROGBAR_SkinFlex.o(.text), (476 bytes).
    Removing PROGBAR_SkinFlex.o(.constdata), (4 bytes).
    Removing PROGBAR_SkinFlex.o(.data), (40 bytes).
    Removing SCROLLBAR_Skin.o(.text), (660 bytes).
    Removing SCROLLBAR_Skin.o(.data), (12 bytes).
    Removing SCROLLBAR_SkinFlex.o(.text), (1228 bytes).
    Removing SCROLLBAR_SkinFlex.o(.constdata), (8 bytes).
    Removing SCROLLBAR_SkinFlex.o(.data), (88 bytes).
    Removing SLIDER.o(.text), (1268 bytes).
    Removing SLIDER.o(.data), (24 bytes).
    Removing SLIDER_CreateIndirect.o(.text), (60 bytes).
    Removing SLIDER_Skin.o(.text), (640 bytes).
    Removing SLIDER_Skin.o(.data), (12 bytes).
    Removing SLIDER_SkinFlex.o(.text), (1088 bytes).
    Removing SLIDER_SkinFlex.o(.constdata), (8 bytes).
    Removing SLIDER_SkinFlex.o(.data), (88 bytes).
    Removing TEXT.o(.text), (504 bytes).
    Removing TEXT.o(.data), (16 bytes).
    Removing TEXT_CreateIndirect.o(.text), (62 bytes).
    Removing TEXT_Default.o(.text), (32 bytes).
    Removing TEXT_SetFont.o(.text), (50 bytes).
    Removing TEXT_SetText.o(.text), (92 bytes).
    Removing TEXT_SetTextAlign.o(.text), (46 bytes).
    Removing TEXT_SetTextColor.o(.text), (50 bytes).
    Removing TEXT_SetWrapMode.o(.text), (130 bytes).
    Removing TREEVIEW.o(.text), (10166 bytes).
    Removing TREEVIEW.o(.data), (80 bytes).
    Removing TREEVIEW_CreateIndirect.o(.text), (60 bytes).
    Removing WIDGET.o(.text), (1664 bytes).
    Removing WIDGET.o(.data), (4 bytes).
    Removing WIDGET_Effect_Simple.o(.text), (240 bytes).
    Removing WIDGET_Effect_Simple.o(.constdata), (28 bytes).
    Removing WIDGET_Effect_Simple.o(.data), (4 bytes).
    Removing WM.o(.text), (6432 bytes).
    Removing WM.o(.bss), (280 bytes).
    Removing WM.o(.data), (56 bytes).
    Removing WM.o(.data), (1 bytes).
    Removing WM_BringToBottom.o(.text), (140 bytes).
    Removing WM_GetClientWindow.o(.text), (24 bytes).
    Removing WM_GetDesktopWindow.o(.text), (20 bytes).
    Removing WM_GetDialogItem.o(.text), (144 bytes).
    Removing WM_GetId.o(.text), (28 bytes).
    Removing WM_GetOrg.o(.text), (132 bytes).
    Removing WM_GetParent.o(.text), (26 bytes).
    Removing WM_GetWindowSize.o(.text), (124 bytes).
    Removing WM_Hide.o(.text), (64 bytes).
    Removing WM_IsVisible.o(.text), (34 bytes).
    Removing WM_MakeModal.o(.text), (100 bytes).
    Removing WM_MemDev.o(.text), (76 bytes).
    Removing WM_SendMessageNoPara.o(.text), (26 bytes).
    Removing WM_SetCallback.o(.text), (48 bytes).
    Removing WM_SetCreateFlags.o(.text), (16 bytes).
    Removing WM_SetFocus.o(.text), (168 bytes).
    Removing WM_SetSize.o(.text), (76 bytes).
    Removing WM_SetTrans.o(.text), (164 bytes).
    Removing WM_SetWindowPos.o(.text), (30 bytes).
    Removing WM_Show.o(.text), (142 bytes).
    Removing WM_UserData.o(.text), (238 bytes).
    Removing WM_ValidateWindow.o(.text), (56 bytes).
    Removing BUTTON_SkinClassic.o(.text), (384 bytes).
    Removing BUTTON_SkinClassic.o(.constdata), (12 bytes).
    Removing F13_1.o(.constdata), (13 bytes).
    Removing F13_1.o(.constdata), (13 bytes).
    Removing F13_1.o(.constdata), (13 bytes).
    Removing F13_1.o(.constdata), (13 bytes).
    Removing F13_1.o(.constdata), (13 bytes).
    Removing F13_1.o(.constdata), (13 bytes).
    Removing F13_1.o(.constdata), (13 bytes).
    Removing F13_1.o(.constdata), (13 bytes).
    Removing F13_1.o(.constdata), (13 bytes).
    Removing F13_1.o(.constdata), (26 bytes).
    Removing F13_1.o(.constdata), (13 bytes).
    Removing F13_1.o(.constdata), (13 bytes).
    Removing F13_1.o(.constdata), (13 bytes).
    Removing F13_1.o(.constdata), (13 bytes).
    Removing F13_1.o(.constdata), (26 bytes).
    Removing F13_1.o(.constdata), (13 bytes).
    Removing F13_1.o(.constdata), (13 bytes).
    Removing F13_1.o(.constdata), (13 bytes).
    Removing F13_1.o(.constdata), (13 bytes).
    Removing F13_1.o(.constdata), (13 bytes).
    Removing F13_1.o(.constdata), (13 bytes).
    Removing F13_1.o(.constdata), (13 bytes).
    Removing F13_1.o(.constdata), (13 bytes).
    Removing F13_1.o(.constdata), (13 bytes).
    Removing F13_1.o(.constdata), (13 bytes).
    Removing F13_1.o(.constdata), (13 bytes).
    Removing F13_1.o(.constdata), (13 bytes).
    Removing F13_1.o(.constdata), (13 bytes).
    Removing F13_1.o(.constdata), (26 bytes).
    Removing F13_1.o(.constdata), (26 bytes).
    Removing F13_1.o(.constdata), (26 bytes).
    Removing F13_1.o(.constdata), (13 bytes).
    Removing F13_1.o(.constdata), (13 bytes).
    Removing F13_1.o(.constdata), (13 bytes).
    Removing F13_1.o(.constdata), (13 bytes).
    Removing F13_1.o(.constdata), (13 bytes).
    Removing F13_1.o(.constdata), (13 bytes).
    Removing F13_1.o(.constdata), (13 bytes).
    Removing F13_1.o(.constdata), (26 bytes).
    Removing F13_1.o(.constdata), (13 bytes).
    Removing F13_1.o(.constdata), (13 bytes).
    Removing F13_1.o(.constdata), (13 bytes).
    Removing F13_1.o(.constdata), (13 bytes).
    Removing F13_1.o(.constdata), (13 bytes).
    Removing F13_1.o(.constdata), (13 bytes).
    Removing F13_1.o(.constdata), (13 bytes).
    Removing F13_1.o(.constdata), (13 bytes).
    Removing F13_1.o(.constdata), (13 bytes).
    Removing F13_1.o(.constdata), (13 bytes).
    Removing F13_1.o(.constdata), (13 bytes).
    Removing F13_1.o(.constdata), (13 bytes).
    Removing F13_1.o(.constdata), (13 bytes).
    Removing F13_1.o(.constdata), (13 bytes).
    Removing F13_1.o(.constdata), (13 bytes).
    Removing F13_1.o(.constdata), (13 bytes).
    Removing F13_1.o(.constdata), (13 bytes).
    Removing F13_1.o(.constdata), (13 bytes).
    Removing F13_1.o(.constdata), (13 bytes).
    Removing F13_1.o(.constdata), (13 bytes).
    Removing F13_1.o(.constdata), (13 bytes).
    Removing F13_1.o(.constdata), (13 bytes).
    Removing F13_1.o(.constdata), (13 bytes).
    Removing F13_1.o(.constdata), (13 bytes).
    Removing F13_1.o(.constdata), (13 bytes).
    Removing F13_1.o(.constdata), (13 bytes).
    Removing F13_1.o(.constdata), (13 bytes).
    Removing F13_1.o(.constdata), (13 bytes).
    Removing F13_1.o(.constdata), (13 bytes).
    Removing F13_1.o(.constdata), (13 bytes).
    Removing F13_1.o(.constdata), (13 bytes).
    Removing F13_1.o(.constdata), (26 bytes).
    Removing F13_1.o(.constdata), (13 bytes).
    Removing F13_1.o(.constdata), (13 bytes).
    Removing F13_1.o(.constdata), (13 bytes).
    Removing F13_1.o(.constdata), (13 bytes).
    Removing F13_1.o(.constdata), (13 bytes).
    Removing F13_1.o(.constdata), (13 bytes).
    Removing F13_1.o(.constdata), (13 bytes).
    Removing F13_1.o(.constdata), (13 bytes).
    Removing F13_1.o(.constdata), (13 bytes).
    Removing F13_1.o(.constdata), (13 bytes).
    Removing F13_1.o(.constdata), (13 bytes).
    Removing F13_1.o(.constdata), (13 bytes).
    Removing F13_1.o(.constdata), (13 bytes).
    Removing F13_1.o(.constdata), (13 bytes).
    Removing F13_1.o(.constdata), (13 bytes).
    Removing F13_1.o(.constdata), (13 bytes).
    Removing F13_1.o(.constdata), (13 bytes).
    Removing F13_1.o(.constdata), (13 bytes).
    Removing F13_1.o(.constdata), (13 bytes).
    Removing F13_1.o(.constdata), (13 bytes).
    Removing F13_1.o(.constdata), (13 bytes).
    Removing F13_1.o(.constdata), (13 bytes).
    Removing F13_1.o(.constdata), (13 bytes).
    Removing F13_1.o(.constdata), (13 bytes).
    Removing F13_1.o(.constdata), (13 bytes).
    Removing F13_1.o(.constdata), (768 bytes).
    Removing F13_1.o(.constdata), (12 bytes).
    Removing F13_1.o(.constdata), (36 bytes).
    Removing F6x8.o(.constdata), (1304 bytes).
    Removing F6x8.o(.constdata), (448 bytes).
    Removing F6x8.o(.constdata), (8 bytes).
    Removing F6x8.o(.constdata), (20 bytes).
    Removing F6x8.o(.constdata), (36 bytes).
    Removing F6x8.o(.constdata), (36 bytes).
    Removing FRAMEWIN_Get.o(.text), (374 bytes).
    Removing FRAMEWIN_SkinClassic.o(.text), (632 bytes).
    Removing FRAMEWIN_SkinClassic.o(.constdata), (12 bytes).
    Removing FRAMEWIN_SkinClassic.o(.data), (8 bytes).
    Removing FRAMEWIN__UpdateButtons.o(.text), (250 bytes).
    Removing GUIAA_Circle.o(.text), (540 bytes).
    Removing GUICC_565_Index2Color.o(.text), (44 bytes).
    Removing GUICC_8888_Index2Color.o(.text), (2 bytes).
    Removing GUICC_888_Index2Color.o(.text), (2 bytes).
    Removing GUIDEV_16.o(.text), (3020 bytes).
    Removing GUIDEV_16.o(.constdata), (116 bytes).
    Removing GUIDEV_Banding.o(.text), (276 bytes).
    Removing GUIDEV_GetPos.o(.text), (108 bytes).
    Removing GUIDEV_Measure.o(.text), (1028 bytes).
    Removing GUIDEV_Measure.o(.constdata), (52 bytes).
    Removing GUIDEV_SetOrg.o(.text), (112 bytes).
    Removing GUIDEV_StaticDevices.o(.text), (1420 bytes).
    Removing GUIDEV_StaticDevices.o(.data), (1 bytes).
    Removing GUIDEV_Usage.o(.text), (124 bytes).
    Removing GUIDEV_UsageBM.o(.text), (484 bytes).
    Removing GUIDEV_UsageBM.o(.constdata), (24 bytes).
    Removing GUIDEV_WriteToActiveAlpha.o(.text), (280 bytes).
    Removing GUIDEV_WriteToActiveOpaque.o(.text), (1870 bytes).
    Removing GUIDEV_WriteToActiveOpaque.o(.constdata), (8 bytes).
    Removing GUIDEV_XY2PTR.o(.text), (84 bytes).
    Removing GUI_AddDecMin.o(.text), (26 bytes).
    Removing GUI_AddDecShift.o(.text), (268 bytes).
    Removing GUI_AddDecShift.o(.constdata), (40 bytes).
    Removing GUI_ALLOC_AllocZero.o(.text), (46 bytes).
    Removing GUI_Arc.o(.text), (1420 bytes).
    Removing GUI_ARRAY.o(.text), (646 bytes).
    Removing GUI_ARRAY_DeleteItem.o(.text), (114 bytes).
    Removing GUI_ARRAY_InsertItem.o(.text), (308 bytes).
    Removing GUI_CharLine.o(.text), (576 bytes).
    Removing GUI_CharLine.o(.data), (4 bytes).
    Removing GUI_ClearRectEx.o(.text), (20 bytes).
    Removing GUI_DRAW.o(.text), (120 bytes).
    Removing GUI_DrawFocusRect.o(.text), (180 bytes).
    Removing GUI_DrawGraphEx.o(.text), (552 bytes).
    Removing GUI_DrawLine.o(.text), (2060 bytes).
    Removing GUI_DrawLine.o(.constdata), (68 bytes).
    Removing GUI_DrawPixel.o(.text), (80 bytes).
    Removing GUI_Error.o(.text), (12 bytes).
    Removing GUI_FillPolygon.o(.text), (712 bytes).
    Removing GUI_FillPolygon.o(.bss), (24 bytes).
    Removing GUI_FillPolygon.o(.data), (4 bytes).
    Removing GUI_FillRectEx.o(.text), (20 bytes).
    Removing GUI_GetBitmapPixelIndex.o(.text), (300 bytes).
    Removing GUI_GetClientRect.o(.text), (10 bytes).
    Removing GUI_GetLineStyle.o(.text), (24 bytes).
    Removing GUI_GetYSizeOfFont.o(.text), (16 bytes).
    Removing GUI_MergeRect.o(.text), (96 bytes).
    Removing GUI_MoveRect.o(.text), (32 bytes).
    Removing GUI_Realloc.o(.text), (92 bytes).
    Removing GUI_RectsIntersect.o(.text), (56 bytes).
    Removing GUI_SaveContext.o(.text), (24 bytes).
    Removing GUI_SelectLayer.o(.text), (260 bytes).
    Removing GUI_SelectLayer.o(.bss), (64 bytes).
    Removing GUI_SelectLCD.o(.text), (26 bytes).
    Removing GUI_SetDefault.o(.text), (128 bytes).
    Removing GUI_SetDrawMode.o(.text), (24 bytes).
    Removing GUI_SetLineStyle.o(.text), (28 bytes).
    Removing GUI_SetPixelIndex.o(.text), (72 bytes).
    Removing GUI_SIF_PropExtFrmInfo.o(.text), (364 bytes).
    Removing GUI_Stream.o(.text), (2128 bytes).
    Removing GUI_Stream.o(.data), (4 bytes).
    Removing GUI_Task.o(.text), (452 bytes).
    Removing GUI_Task.o(.data), (28 bytes).
    Removing GUI_UC.o(.text), (224 bytes).
    Removing GUI_UC_EncodeNone.o(.text), (48 bytes).
    Removing GUI_UC_EncodeNone.o(.constdata), (16 bytes).
    Removing GUI_Valf.o(.text), (540 bytes).
    Removing GUI_WaitEvent.o(.text), (132 bytes).
    Removing GUI_WaitEvent.o(.data), (12 bytes).
    Removing GUI__CompactPixelIndices.o(.text), (762 bytes).
    Removing GUI__DivideRound32.o(.text), (26 bytes).
    Removing GUI__DivTbl_255_31.o(.constdata), (256 bytes).
    Removing GUI__DivTbl_255_63.o(.constdata), (256 bytes).
    Removing GUI__DivTbl_31_255.o(.constdata), (32 bytes).
    Removing GUI__DivTbl_63_255.o(.constdata), (64 bytes).
    Removing GUI__DrawTwinArc.o(.text), (2152 bytes).
    Removing GUI__ExpandPixelIndices.o(.text), (944 bytes).
    Removing GUI__GetFontSizeY.o(.text), (16 bytes).
    Removing GUI__GetNumChars.o(.text), (26 bytes).
    Removing GUI__HandleEOLine.o(.text), (24 bytes).
    Removing GUI__IntersectRect.o(.text), (66 bytes).
    Removing GUI__IntersectRects.o(.text), (82 bytes).
    Removing GUI__ManageCache.o(.text), (260 bytes).
    Removing GUI__ManageCache.o(.data), (4 bytes).
    Removing GUI__memset.o(.text), (186 bytes).
    Removing GUI__memset16.o(.text), (148 bytes).
    Removing GUI__Read.o(.text), (48 bytes).
    Removing GUI__ReduceRect.o(.text), (26 bytes).
    Removing GUI__SetPixelAlpha.o(.text), (300 bytes).
    Removing GUI__SetText.o(.text), (110 bytes).
    Removing GUI__sqrt32.o(.text), (26 bytes).
    Removing GUI__strlen.o(.text), (20 bytes).
    Removing GUI__Wrap.o(.text), (456 bytes).
    Removing GUI__Wrap.o(.data), (8 bytes).
    Removing HEADER.o(.text), (2696 bytes).
    Removing HEADER.o(.data), (40 bytes).
    Removing HEADER_GetSel.o(.text), (38 bytes).
    Removing LCD.o(.text), (2160 bytes).
    Removing LCD.o(.constdata), (12 bytes).
    Removing LCD.o(.data), (4 bytes).
    Removing LCD_AA.o(.text), (532 bytes).
    Removing LCD_AA.o(.data), (4 bytes).
    Removing LCD_Color.o(.text), (344 bytes).
    Removing LCD_Color.o(.data), (8 bytes).
    Removing LCD_Color.o(.data), (4 bytes).
    Removing LCD_Color.o(.data), (4 bytes).
    Removing LCD_Color.o(.data), (4 bytes).
    Removing LCD_GetColorIndex.o(.text), (24 bytes).
    Removing LCD_Mirror.o(.constdata), (256 bytes).
    Removing LCD_ReadRect.o(.text), (832 bytes).
    Removing LCD_SetClipRectEx.o(.text), (44 bytes).
    Removing LCD_UpdateColorIndices.o(.text), (32 bytes).
    Removing LISTVIEW_DeleteRow.o(.text), (364 bytes).
    Removing LISTVIEW_GetBkColor.o(.text), (48 bytes).
    Removing LISTVIEW_GetTextColor.o(.text), (48 bytes).
    Removing LISTVIEW_SetSel.o(.text), (32 bytes).
    Removing PROGBAR_SkinClassic.o(.text), (376 bytes).
    Removing PROGBAR_SkinClassic.o(.constdata), (12 bytes).
    Removing SCROLLBAR.o(.text), (1964 bytes).
    Removing SCROLLBAR.o(.data), (24 bytes).
    Removing SCROLLBAR.o(.data), (2 bytes).
    Removing SCROLLBAR_GetValue.o(.text), (38 bytes).
    Removing SLIDER_SkinClassic.o(.text), (376 bytes).
    Removing SLIDER_SkinClassic.o(.constdata), (12 bytes).
    Removing TREEVIEW_Image.o(.constdata), (20 bytes).
    Removing TREEVIEW_Image.o(.constdata), (12 bytes).
    Removing TREEVIEW_Image.o(.constdata), (96 bytes).
    Removing TREEVIEW_Image.o(.constdata), (96 bytes).
    Removing TREEVIEW_Image.o(.constdata), (20 bytes).
    Removing TREEVIEW_Image.o(.constdata), (20 bytes).
    Removing TREEVIEW_Image.o(.constdata), (16 bytes).
    Removing TREEVIEW_Image.o(.constdata), (12 bytes).
    Removing TREEVIEW_Image.o(.constdata), (60 bytes).
    Removing TREEVIEW_Image.o(.constdata), (20 bytes).
    Removing TREEVIEW_Image.o(.constdata), (8 bytes).
    Removing TREEVIEW_Image.o(.constdata), (12 bytes).
    Removing TREEVIEW_Image.o(.constdata), (18 bytes).
    Removing TREEVIEW_Image.o(.constdata), (18 bytes).
    Removing TREEVIEW_Image.o(.constdata), (20 bytes).
    Removing TREEVIEW_Image.o(.constdata), (20 bytes).
    Removing WIDGET_Effect_3D.o(.text), (412 bytes).
    Removing WIDGET_Effect_3D.o(.constdata), (28 bytes).
    Removing WIDGET_Effect_3D.o(.data), (20 bytes).
    Removing WIDGET_Effect_None.o(.text), (10 bytes).
    Removing WIDGET_Effect_None.o(.constdata), (28 bytes).
    Removing WIDGET_SetEffect.o(.text), (26 bytes).
    Removing WM_BringToTop.o(.text), (136 bytes).
    Removing WM_CheckScrollPos.o(.text), (144 bytes).
    Removing WM_CriticalHandle.o(.text), (56 bytes).
    Removing WM_GetBkColor.o(.text), (32 bytes).
    Removing WM_GetClientRect.o(.text), (148 bytes).
    Removing WM_GetFirstChild.o(.text), (26 bytes).
    Removing WM_GetFocussedWindow.o(.text), (32 bytes).
    Removing WM_GetInsideRectExScrollbar.o(.text), (174 bytes).
    Removing WM_GetNextSibling.o(.text), (26 bytes).
    Removing WM_GetScrollbar.o(.text), (284 bytes).
    Removing WM_GetScrollState.o(.text), (20 bytes).
    Removing WM_GetWindowRect.o(.text), (92 bytes).
    Removing WM_HasCaptured.o(.text), (28 bytes).
    Removing WM_HasFocus.o(.text), (28 bytes).
    Removing WM_IsFocussable.o(.text), (38 bytes).
    Removing WM_IsWindow.o(.text), (24 bytes).
    Removing WM_Move.o(.text), (514 bytes).
    Removing WM_MoveChildTo.o(.text), (98 bytes).
    Removing WM_NotifyParent.o(.text), (20 bytes).
    Removing WM_OnKey.o(.text), (64 bytes).
    Removing WM_ResizeWindow.o(.text), (256 bytes).
    Removing WM_SendToParent.o(.text), (40 bytes).
    Removing WM_SetCapture.o(.text), (128 bytes).
    Removing WM_SetCaptureMove.o(.text), (180 bytes).
    Removing WM_SetCaptureMove.o(.data), (4 bytes).
    Removing WM_SetFocusOnNextChild.o(.text), (156 bytes).
    Removing WM_SetFocusOnPrevChild.o(.text), (108 bytes).
    Removing WM_SetScrollbar.o(.text), (244 bytes).
    Removing WM_SetScrollState.o(.text), (28 bytes).
    Removing WM_SetUserClipRect.o(.text), (32 bytes).
    Removing WM_Timer.o(.text), (404 bytes).
    Removing WM_Touch.o(.text), (1224 bytes).
    Removing WM_Touch.o(.bss), (576 bytes).
    Removing WM_Touch.o(.data), (4 bytes).
    Removing WM__GetOrg_AA.o(.text), (44 bytes).
    Removing WM__GetPrevSibling.o(.text), (40 bytes).
    Removing WM__IsAncestor.o(.text), (82 bytes).
    Removing WM__IsEnabled.o(.text), (22 bytes).
    Removing WM__Screen2Client.o(.text), (20 bytes).
    Removing WM__SendMessage.o(.text), (60 bytes).
    Removing WM__SendMessage.o(.data), (4 bytes).
    Removing WM__SendMessageNoPara.o(.text), (44 bytes).
    Removing WM__UpdateChildPositions.o(.text), (242 bytes).
    Removing F13_ASCII.o(.constdata), (13 bytes).
    Removing F13_ASCII.o(.constdata), (13 bytes).
    Removing F13_ASCII.o(.constdata), (13 bytes).
    Removing F13_ASCII.o(.constdata), (13 bytes).
    Removing F13_ASCII.o(.constdata), (13 bytes).
    Removing F13_ASCII.o(.constdata), (26 bytes).
    Removing F13_ASCII.o(.constdata), (13 bytes).
    Removing F13_ASCII.o(.constdata), (13 bytes).
    Removing F13_ASCII.o(.constdata), (13 bytes).
    Removing F13_ASCII.o(.constdata), (13 bytes).
    Removing F13_ASCII.o(.constdata), (13 bytes).
    Removing F13_ASCII.o(.constdata), (13 bytes).
    Removing F13_ASCII.o(.constdata), (13 bytes).
    Removing F13_ASCII.o(.constdata), (13 bytes).
    Removing F13_ASCII.o(.constdata), (13 bytes).
    Removing F13_ASCII.o(.constdata), (13 bytes).
    Removing F13_ASCII.o(.constdata), (13 bytes).
    Removing F13_ASCII.o(.constdata), (13 bytes).
    Removing F13_ASCII.o(.constdata), (13 bytes).
    Removing F13_ASCII.o(.constdata), (13 bytes).
    Removing F13_ASCII.o(.constdata), (13 bytes).
    Removing F13_ASCII.o(.constdata), (13 bytes).
    Removing F13_ASCII.o(.constdata), (13 bytes).
    Removing F13_ASCII.o(.constdata), (13 bytes).
    Removing F13_ASCII.o(.constdata), (13 bytes).
    Removing F13_ASCII.o(.constdata), (13 bytes).
    Removing F13_ASCII.o(.constdata), (13 bytes).
    Removing F13_ASCII.o(.constdata), (13 bytes).
    Removing F13_ASCII.o(.constdata), (13 bytes).
    Removing F13_ASCII.o(.constdata), (13 bytes).
    Removing F13_ASCII.o(.constdata), (13 bytes).
    Removing F13_ASCII.o(.constdata), (13 bytes).
    Removing F13_ASCII.o(.constdata), (26 bytes).
    Removing F13_ASCII.o(.constdata), (13 bytes).
    Removing F13_ASCII.o(.constdata), (13 bytes).
    Removing F13_ASCII.o(.constdata), (13 bytes).
    Removing F13_ASCII.o(.constdata), (13 bytes).
    Removing F13_ASCII.o(.constdata), (13 bytes).
    Removing F13_ASCII.o(.constdata), (13 bytes).
    Removing F13_ASCII.o(.constdata), (13 bytes).
    Removing F13_ASCII.o(.constdata), (13 bytes).
    Removing F13_ASCII.o(.constdata), (13 bytes).
    Removing F13_ASCII.o(.constdata), (13 bytes).
    Removing F13_ASCII.o(.constdata), (13 bytes).
    Removing F13_ASCII.o(.constdata), (13 bytes).
    Removing F13_ASCII.o(.constdata), (13 bytes).
    Removing F13_ASCII.o(.constdata), (13 bytes).
    Removing F13_ASCII.o(.constdata), (13 bytes).
    Removing F13_ASCII.o(.constdata), (13 bytes).
    Removing F13_ASCII.o(.constdata), (13 bytes).
    Removing F13_ASCII.o(.constdata), (13 bytes).
    Removing F13_ASCII.o(.constdata), (13 bytes).
    Removing F13_ASCII.o(.constdata), (13 bytes).
    Removing F13_ASCII.o(.constdata), (13 bytes).
    Removing F13_ASCII.o(.constdata), (13 bytes).
    Removing F13_ASCII.o(.constdata), (26 bytes).
    Removing F13_ASCII.o(.constdata), (13 bytes).
    Removing F13_ASCII.o(.constdata), (13 bytes).
    Removing F13_ASCII.o(.constdata), (13 bytes).
    Removing F13_ASCII.o(.constdata), (13 bytes).
    Removing F13_ASCII.o(.constdata), (13 bytes).
    Removing F13_ASCII.o(.constdata), (13 bytes).
    Removing F13_ASCII.o(.constdata), (13 bytes).
    Removing F13_ASCII.o(.constdata), (13 bytes).
    Removing F13_ASCII.o(.constdata), (13 bytes).
    Removing F13_ASCII.o(.constdata), (13 bytes).
    Removing F13_ASCII.o(.constdata), (13 bytes).
    Removing F13_ASCII.o(.constdata), (13 bytes).
    Removing F13_ASCII.o(.constdata), (13 bytes).
    Removing F13_ASCII.o(.constdata), (13 bytes).
    Removing F13_ASCII.o(.constdata), (13 bytes).
    Removing F13_ASCII.o(.constdata), (13 bytes).
    Removing F13_ASCII.o(.constdata), (13 bytes).
    Removing F13_ASCII.o(.constdata), (13 bytes).
    Removing F13_ASCII.o(.constdata), (13 bytes).
    Removing F13_ASCII.o(.constdata), (13 bytes).
    Removing F13_ASCII.o(.constdata), (13 bytes).
    Removing F13_ASCII.o(.constdata), (13 bytes).
    Removing F13_ASCII.o(.constdata), (13 bytes).
    Removing F13_ASCII.o(.constdata), (13 bytes).
    Removing F13_ASCII.o(.constdata), (13 bytes).
    Removing F13_ASCII.o(.constdata), (13 bytes).
    Removing F13_ASCII.o(.constdata), (13 bytes).
    Removing F13_ASCII.o(.constdata), (13 bytes).
    Removing F13_ASCII.o(.constdata), (13 bytes).
    Removing F13_ASCII.o(.constdata), (13 bytes).
    Removing F13_ASCII.o(.constdata), (13 bytes).
    Removing F13_ASCII.o(.constdata), (13 bytes).
    Removing F13_ASCII.o(.constdata), (13 bytes).
    Removing F13_ASCII.o(.constdata), (13 bytes).
    Removing F13_ASCII.o(.constdata), (13 bytes).
    Removing F13_ASCII.o(.constdata), (13 bytes).
    Removing F13_ASCII.o(.constdata), (13 bytes).
    Removing F13_ASCII.o(.constdata), (13 bytes).
    Removing F13_ASCII.o(.constdata), (13 bytes).
    Removing F13_ASCII.o(.constdata), (760 bytes).
    Removing F13_ASCII.o(.constdata), (12 bytes).
    Removing F13_ASCII.o(.constdata), (36 bytes).
    Removing FRAMEWIN_SetOwnerDraw.o(.text), (42 bytes).
    Removing GUICC_0.o(.text), (308 bytes).
    Removing GUICC_0.o(.constdata), (24 bytes).
    Removing GUIDEV_Clear.o(.text), (76 bytes).
    Removing GUIDEV_ReduceYSize.o(.text), (60 bytes).
    Removing GUI_ALLOC_AllocInit.o(.text), (66 bytes).
    Removing GUI_ARRAY_ResizeItem.o(.text), (106 bytes).
    Removing GUI_CharM.o(.text), (388 bytes).
    Removing GUI_Curs1.o(.text), (940 bytes).
    Removing GUI_Curs1.o(.bss), (384 bytes).
    Removing GUI_Curs1.o(.data), (12 bytes).
    Removing GUI_CursorHeaderM.o(.constdata), (20 bytes).
    Removing GUI_CursorHeaderM.o(.constdata), (12 bytes).
    Removing GUI_DrawBitmap_24.o(.text), (432 bytes).
    Removing GUI_DrawBitmap_24.o(.constdata), (12 bytes).
    Removing GUI_DrawBitmap_555.o(.text), (60 bytes).
    Removing GUI_DrawBitmap_555.o(.constdata), (12 bytes).
    Removing GUI_DrawBitmap_555.o(.constdata), (12 bytes).
    Removing GUI_DrawBitmap_565.o(.text), (60 bytes).
    Removing GUI_DrawBitmap_565.o(.constdata), (12 bytes).
    Removing GUI_DrawBitmap_565.o(.constdata), (12 bytes).
    Removing GUI_DrawPoint.o(.text), (112 bytes).
    Removing GUI_GetOrg.o(.text), (60 bytes).
    Removing GUI_StreamCreate.o(.text), (1032 bytes).
    Removing GUI_Timer.o(.text), (1240 bytes).
    Removing GUI_Timer.o(.data), (20 bytes).
    Removing GUI__Alpha.o(.text), (540 bytes).
    Removing GUI__Alpha.o(.data), (28 bytes).
    Removing GUI__CalcTextRect.o(.text), (162 bytes).
    Removing GUI__strcmp.o(.text), (112 bytes).
    Removing HEADER_SkinClassic.o(.text), (744 bytes).
    Removing HEADER_SkinClassic.o(.constdata), (12 bytes).
    Removing LCD_GetNumDisplays.o(.text), (28 bytes).
    Removing LCD_GetPixelColor.o(.text), (14 bytes).
    Removing LCD_RLE16.o(.text), (1020 bytes).
    Removing LCD_RLE16.o(.bss), (32 bytes).
    Removing LCD_RLE16.o(.constdata), (12 bytes).
    Removing LCD_RLE16.o(.constdata), (12 bytes).
    Removing LCD_RLE16.o(.constdata), (12 bytes).
    Removing LCD_RLE16.o(.constdata), (12 bytes).
    Removing LCD_RLE16.o(.data), (16 bytes).
    Removing LCD_RLE32.o(.text), (912 bytes).
    Removing LCD_RLE32.o(.constdata), (12 bytes).
    Removing LCD_RLE32.o(.constdata), (12 bytes).
    Removing LCD_RLE32.o(.data), (16 bytes).
    Removing LCD_SelectLCD.o(.text), (64 bytes).
    Removing SCROLLBAR_Create.o(.text), (84 bytes).
    Removing SCROLLBAR_SkinClassic.o(.text), (776 bytes).
    Removing SCROLLBAR_SkinClassic.o(.constdata), (12 bytes).
    Removing WIDGET_FillStringInRect.o(.text), (252 bytes).
    Removing WM_ForEachDesc.o(.text), (30 bytes).
    Removing WM_GetFlags.o(.text), (32 bytes).
    Removing WM_GetInsideRect.o(.text), (52 bytes).
    Removing WM_GetScrollPartner.o(.text), (40 bytes).
    Removing WM_PID__GetPrevState.o(.text), (52 bytes).
    Removing WM_PID__GetPrevState.o(.bss), (192 bytes).
    Removing WM_Screen2Win.o(.text), (468 bytes).
    Removing WM__GetFirstSibling.o(.text), (20 bytes).
    Removing WM__GetFocussedChild.o(.text), (44 bytes).
    Removing WM__GetLastSibling.o(.text), (26 bytes).
    Removing WM__SendMessageIfEnabled.o(.text), (28 bytes).
    Removing GUICC_555_Index2Color.o(.text), (36 bytes).
    Removing GUICC_M555_Index2Color.o(.text), (36 bytes).
    Removing GUICC_M565_Index2Color.o(.text), (44 bytes).
    Removing GUI_CalcColorDist.o(.text), (70 bytes).
    Removing GUI_CursorArrowM.o(.constdata), (20 bytes).
    Removing GUI_CursorArrowM.o(.constdata), (12 bytes).
    Removing GUI_CursorHeaderMPx.o(.constdata), (85 bytes).
    Removing GUI_CursorPal.o(.constdata), (12 bytes).
    Removing GUI_CursorPal.o(.constdata), (12 bytes).
    Removing GUI__DrawBitmap16bpp.o(.text), (488 bytes).
    Removing LCD_GetP.o(.text), (184 bytes).
    Removing LCD_NextPixelAPI.o(.text), (360 bytes).
    Removing LCD_NextPixelAPI.o(.bss), (40 bytes).
    Removing LCD_NextPixelAPI.o(.data), (16 bytes).
    Removing LCD_RLEAlpha.o(.text), (500 bytes).
    Removing LCD_RLEAlpha.o(.constdata), (12 bytes).
    Removing WM_GetDesktopWindowEx.o(.text), (20 bytes).
    Removing WM__ForEachDesc.o(.text), (48 bytes).
    Removing WM__IsChild.o(.text), (34 bytes).
    Removing GUI_CursorArrowMPx.o(.constdata), (60 bytes).
    Removing fscalb.o(.text), (24 bytes).
    Removing ffltui.o(.text), (10 bytes).
    Removing ffixi.o(.text), (50 bytes).
    Removing ffixui.o(.text), (40 bytes).
    Removing cfcmple.o(.text), (20 bytes).
    Removing cfrcmple.o(.text), (20 bytes).
    Removing dsqrt.o(.text), (160 bytes).
    Removing dfixul.o(.text), (48 bytes).
    Removing cdrcmple.o(.text), (40 bytes).

1510 unused section(s) (total 933458 bytes) removed from the image.

==============================================================================

Memory Map of the image

  Image Entry point : 0x00000000

  Load Region LR_IROM1 (Base: 0x08000000, Size: 0x00008aa8, Max: 0xffffffff, ABSOLUTE)

    Execution Region ER_IROM1 (Base: 0x08000000, Size: 0x00008930, Max: 0x00080000, ABSOLUTE)

    Base Addr    Size         Type   Attr      Idx    E Section Name        Object

    0x08000000   0x00000130   Data   RO          563    RESET               startup_stm32f10x_hd.o
    0x08000130   0x00000000   Code   RO         3073  * .ARM.Collect$$$$00000000  mc_w.l(entry.o)(mc_w.l)
    0x08000130   0x00000004   Code   RO         3394    .ARM.Collect$$$$00000001  mc_w.l(entry2.o)(mc_w.l)
    0x08000134   0x00000004   Code   RO         3397    .ARM.Collect$$$$00000004  mc_w.l(entry5.o)(mc_w.l)
    0x08000138   0x00000008   Code   RO         3398    .ARM.Collect$$$$00000007  mc_w.l(entry7.o)(mc_w.l)
    0x08000140   0x00000004   Code   RO         3395    .ARM.Collect$$$$00002712  mc_w.l(entry2.o)(mc_w.l)
    0x08000144   0x000002e0   Code   RO            1    .text               main.o
    0x08000424   0x000000e4   Code   RO          185    .text               stm32f10x_it.o
    0x08000508   0x00000c50   Code   RO          219    .text               control.o
    0x08001158   0x000000ac   Code   RO          242    .text               delay.o
    0x08001204   0x00000568   Code   RO          293    .text               pwm.o
    0x0800176c   0x000000d4   Code   RO          324    .text               usart.o
    0x08001840   0x000001c0   Code   RO          348    .text               ultrasonicwave.o
    0x08001a00   0x000000f0   Code   RO          363    .text               tim6.o
    0x08001af0   0x0000050c   Code   RO          375    .text               bsp_i2c.o
    0x08001ffc   0x00000188   Code   RO          390    .text               mpu6050.o
    0x08002184   0x00000384   Code   RO          402    .text               kalman.o
    0x08002508   0x000000f8   Code   RO          422    .text               misc.o
    0x08002600   0x00000358   Code   RO          446    .text               stm32f10x_gpio.o
    0x08002958   0x000003a4   Code   RO          458    .text               stm32f10x_rcc.o
    0x08002cfc   0x00000dae   Code   RO          484    .text               stm32f10x_tim.o
    0x08003aaa   0x00000002   PAD
    0x08003aac   0x0000040c   Code   RO          496    .text               stm32f10x_usart.o
    0x08003eb8   0x000003f0   Code   RO          520    .text               stm32f10x_i2c.o
    0x080042a8   0x000001c8   Code   RO          543    .text               system_stm32f10x.o
    0x08004470   0x00000024   Code   RO          564    .text               startup_stm32f10x_hd.o
    0x08004494   0x00000180   Code   RO         1081    .text               os_cpu_c.o
    0x08004614   0x000000a4   Code   RO         1113    .text               os_cpu_a.o
    0x080046b8   0x00000da0   Code   RO         1154    .text               os_core.o
    0x08005458   0x000008b0   Code   RO         1174    .text               os_flag.o
    0x08005d08   0x00000258   Code   RO         1198    .text               os_mem.o
    0x08005f60   0x00000654   Code   RO         1222    .text               os_q.o
    0x080065b4   0x000003e0   Code   RO         1234    .text               os_sem.o
    0x08006994   0x00000940   Code   RO         1246    .text               os_task.o
    0x080072d4   0x000001e4   Code   RO         1258    .text               os_time.o
    0x080074b8   0x000006e4   Code   RO         1270    .text               os_tmr.o
    0x08007b9c   0x00000032   Code   RO         1282    .text               bsp.o
    0x08007bce   0x000000b0   Code   RO         3358    .text               mf_w.l(fadd.o)(mf_w.l)
    0x08007c7e   0x0000006c   Code   RO         3360    .text               mf_w.l(fmul.o)(mf_w.l)
    0x08007cea   0x00000080   Code   RO         3362    .text               mf_w.l(fdiv.o)(mf_w.l)
    0x08007d6a   0x0000014a   Code   RO         3366    .text               mf_w.l(dadd.o)(mf_w.l)
    0x08007eb4   0x000000e2   Code   RO         3368    .text               mf_w.l(dmul.o)(mf_w.l)
    0x08007f96   0x000000de   Code   RO         3370    .text               mf_w.l(ddiv.o)(mf_w.l)
    0x08008074   0x00000012   Code   RO         3372    .text               mf_w.l(fflti.o)(mf_w.l)
    0x08008086   0x00000022   Code   RO         3376    .text               mf_w.l(dflti.o)(mf_w.l)
    0x080080a8   0x0000003e   Code   RO         3382    .text               mf_w.l(dfixi.o)(mf_w.l)
    0x080080e6   0x0000002c   Code   RO         3384    .text               mf_w.l(f2d.o)(mf_w.l)
    0x08008112   0x00000002   PAD
    0x08008114   0x00000028   Code   RO         3386    .text               mf_w.l(cdcmple.o)(mf_w.l)
    0x0800813c   0x00000038   Code   RO         3388    .text               mf_w.l(d2f.o)(mf_w.l)
    0x08008174   0x00000066   Code   RO         3402    .text               mc_w.l(uldiv.o)(mc_w.l)
    0x080081da   0x0000001e   Code   RO         3404    .text               mc_w.l(llshl.o)(mc_w.l)
    0x080081f8   0x00000020   Code   RO         3406    .text               mc_w.l(llushr.o)(mc_w.l)
    0x08008218   0x00000024   Code   RO         3408    .text               mc_w.l(llsshr.o)(mc_w.l)
    0x0800823c   0x00000000   Code   RO         3417    .text               mc_w.l(iusefp.o)(mc_w.l)
    0x0800823c   0x00000070   Code   RO         3418    .text               mf_w.l(fepilogue.o)(mf_w.l)
    0x080082ac   0x000000c2   Code   RO         3420    .text               mf_w.l(depilogue.o)(mf_w.l)
    0x0800836e   0x00000002   PAD
    0x08008370   0x00000024   Code   RO         3428    .text               mc_w.l(init.o)(mc_w.l)
    0x08008394   0x00000020   Code   RO         3304    i.__0printf$8       mc_w.l(printf8.o)(mc_w.l)
    0x080083b4   0x00000428   Code   RO         3311    i._printf_core      mc_w.l(printf8.o)(mc_w.l)
    0x080087dc   0x00000026   Code   RO         3312    i._printf_post_padding  mc_w.l(printf8.o)(mc_w.l)
    0x08008802   0x0000002e   Code   RO         3313    i._printf_pre_padding  mc_w.l(printf8.o)(mc_w.l)
    0x08008830   0x00000100   Data   RO         1156    .constdata          os_core.o
    0x08008930   0x00000000   Data   RO         3430    Region$$Table       anon$$obj.o


    Execution Region RW_IRAM1 (Base: 0x20000000, Size: 0x00001d18, Max: 0x00010000, ABSOLUTE)

    Base Addr    Size         Type   Attr      Idx    E Section Name        Object

    0x20000000   0x00000012   Data   RW            2    .data               main.o
    0x20000012   0x00000002   Data   RW          186    .data               stm32f10x_it.o
    0x20000014   0x00000068   Data   RW          220    .data               control.o
    0x2000007c   0x00000004   Data   RW          243    .data               delay.o
    0x20000080   0x0000000a   Data   RW          295    .data               pwm.o
    0x2000008a   0x00000004   Data   RW          349    .data               ultrasonicwave.o
    0x2000008e   0x00000002   PAD
    0x20000090   0x00000054   Data   RW          404    .data               kalman.o
    0x200000e4   0x00000014   Data   RW          459    .data               stm32f10x_rcc.o
    0x200000f8   0x00000014   Data   RW          544    .data               system_stm32f10x.o
    0x2000010c   0x00000006   Data   RW         1083    .data               os_cpu_c.o
    0x20000112   0x00000002   PAD
    0x20000114   0x00000060   Data   RW         1157    .data               os_core.o
    0x20000174   0x00000004   Data   RW         3399    .data               mc_w.l(stdout.o)(mc_w.l)
    0x20000178   0x00000028   Zero   RW          294    .bss                pwm.o
    0x200001a0   0x00000200   Zero   RW          376    .bss                bsp_i2c.o
    0x200003a0   0x00000010   Zero   RW          403    .bss                kalman.o
    0x200003b0   0x00000200   Zero   RW         1082    .bss                os_cpu_c.o
    0x200005b0   0x00001368   Zero   RW         1155    .bss                os_core.o
    0x20001918   0x00000400   Zero   RW          561    STACK               startup_stm32f10x_hd.o

